Archive member included to satisfy reference by file (symbol)

D:/STMCUBEIDE/STM32CubeIDE_1.19.0/STM32CubeIDE/plugins/com.st.stm32cube.ide.mcu.externaltools.gnu-tools-for-stm32.13.3.rel1.win32_1.0.0.202411081344/tools/bin/../lib/gcc/arm-none-eabi/13.3.1/../../../../arm-none-eabi/lib/thumb/v7e-m+fp/hard\libc_nano.a(libc_a-exit.o)
                              D:/STMCUBEIDE/STM32CubeIDE_1.19.0/STM32CubeIDE/plugins/com.st.stm32cube.ide.mcu.externaltools.gnu-tools-for-stm32.13.3.rel1.win32_1.0.0.202411081344/tools/bin/../lib/gcc/arm-none-eabi/13.3.1/../../../../arm-none-eabi/lib/thumb/v7e-m+fp/hard/crt0.o (exit)
D:/STMCUBEIDE/STM32CubeIDE_1.19.0/STM32CubeIDE/plugins/com.st.stm32cube.ide.mcu.externaltools.gnu-tools-for-stm32.13.3.rel1.win32_1.0.0.202411081344/tools/bin/../lib/gcc/arm-none-eabi/13.3.1/../../../../arm-none-eabi/lib/thumb/v7e-m+fp/hard\libc_nano.a(libc_a-findfp.o)
                              D:/STMCUBEIDE/STM32CubeIDE_1.19.0/STM32CubeIDE/plugins/com.st.stm32cube.ide.mcu.externaltools.gnu-tools-for-stm32.13.3.rel1.win32_1.0.0.202411081344/tools/bin/../lib/gcc/arm-none-eabi/13.3.1/../../../../arm-none-eabi/lib/thumb/v7e-m+fp/hard\libc_nano.a(libc_a-exit.o) (__stdio_exit_handler)
D:/STMCUBEIDE/STM32CubeIDE_1.19.0/STM32CubeIDE/plugins/com.st.stm32cube.ide.mcu.externaltools.gnu-tools-for-stm32.13.3.rel1.win32_1.0.0.202411081344/tools/bin/../lib/gcc/arm-none-eabi/13.3.1/../../../../arm-none-eabi/lib/thumb/v7e-m+fp/hard\libc_nano.a(libc_a-fwalk.o)
                              D:/STMCUBEIDE/STM32CubeIDE_1.19.0/STM32CubeIDE/plugins/com.st.stm32cube.ide.mcu.externaltools.gnu-tools-for-stm32.13.3.rel1.win32_1.0.0.202411081344/tools/bin/../lib/gcc/arm-none-eabi/13.3.1/../../../../arm-none-eabi/lib/thumb/v7e-m+fp/hard\libc_nano.a(libc_a-findfp.o) (_fwalk_sglue)
D:/STMCUBEIDE/STM32CubeIDE_1.19.0/STM32CubeIDE/plugins/com.st.stm32cube.ide.mcu.externaltools.gnu-tools-for-stm32.13.3.rel1.win32_1.0.0.202411081344/tools/bin/../lib/gcc/arm-none-eabi/13.3.1/../../../../arm-none-eabi/lib/thumb/v7e-m+fp/hard\libc_nano.a(libc_a-snprintf.o)
                              ./Core/Src/diagnostic.o (snprintf)
D:/STMCUBEIDE/STM32CubeIDE_1.19.0/STM32CubeIDE/plugins/com.st.stm32cube.ide.mcu.externaltools.gnu-tools-for-stm32.13.3.rel1.win32_1.0.0.202411081344/tools/bin/../lib/gcc/arm-none-eabi/13.3.1/../../../../arm-none-eabi/lib/thumb/v7e-m+fp/hard\libc_nano.a(libc_a-stdio.o)
                              D:/STMCUBEIDE/STM32CubeIDE_1.19.0/STM32CubeIDE/plugins/com.st.stm32cube.ide.mcu.externaltools.gnu-tools-for-stm32.13.3.rel1.win32_1.0.0.202411081344/tools/bin/../lib/gcc/arm-none-eabi/13.3.1/../../../../arm-none-eabi/lib/thumb/v7e-m+fp/hard\libc_nano.a(libc_a-findfp.o) (__sread)
D:/STMCUBEIDE/STM32CubeIDE_1.19.0/STM32CubeIDE/plugins/com.st.stm32cube.ide.mcu.externaltools.gnu-tools-for-stm32.13.3.rel1.win32_1.0.0.202411081344/tools/bin/../lib/gcc/arm-none-eabi/13.3.1/../../../../arm-none-eabi/lib/thumb/v7e-m+fp/hard\libc_nano.a(libc_a-memset.o)
                              D:/STMCUBEIDE/STM32CubeIDE_1.19.0/STM32CubeIDE/plugins/com.st.stm32cube.ide.mcu.externaltools.gnu-tools-for-stm32.13.3.rel1.win32_1.0.0.202411081344/tools/bin/../lib/gcc/arm-none-eabi/13.3.1/../../../../arm-none-eabi/lib/thumb/v7e-m+fp/hard/crt0.o (memset)
D:/STMCUBEIDE/STM32CubeIDE_1.19.0/STM32CubeIDE/plugins/com.st.stm32cube.ide.mcu.externaltools.gnu-tools-for-stm32.13.3.rel1.win32_1.0.0.202411081344/tools/bin/../lib/gcc/arm-none-eabi/13.3.1/../../../../arm-none-eabi/lib/thumb/v7e-m+fp/hard\libc_nano.a(libc_a-closer.o)
                              D:/STMCUBEIDE/STM32CubeIDE_1.19.0/STM32CubeIDE/plugins/com.st.stm32cube.ide.mcu.externaltools.gnu-tools-for-stm32.13.3.rel1.win32_1.0.0.202411081344/tools/bin/../lib/gcc/arm-none-eabi/13.3.1/../../../../arm-none-eabi/lib/thumb/v7e-m+fp/hard\libc_nano.a(libc_a-stdio.o) (_close_r)
D:/STMCUBEIDE/STM32CubeIDE_1.19.0/STM32CubeIDE/plugins/com.st.stm32cube.ide.mcu.externaltools.gnu-tools-for-stm32.13.3.rel1.win32_1.0.0.202411081344/tools/bin/../lib/gcc/arm-none-eabi/13.3.1/../../../../arm-none-eabi/lib/thumb/v7e-m+fp/hard\libc_nano.a(libc_a-reent.o)
                              D:/STMCUBEIDE/STM32CubeIDE_1.19.0/STM32CubeIDE/plugins/com.st.stm32cube.ide.mcu.externaltools.gnu-tools-for-stm32.13.3.rel1.win32_1.0.0.202411081344/tools/bin/../lib/gcc/arm-none-eabi/13.3.1/../../../../arm-none-eabi/lib/thumb/v7e-m+fp/hard\libc_nano.a(libc_a-closer.o) (errno)
D:/STMCUBEIDE/STM32CubeIDE_1.19.0/STM32CubeIDE/plugins/com.st.stm32cube.ide.mcu.externaltools.gnu-tools-for-stm32.13.3.rel1.win32_1.0.0.202411081344/tools/bin/../lib/gcc/arm-none-eabi/13.3.1/../../../../arm-none-eabi/lib/thumb/v7e-m+fp/hard\libc_nano.a(libc_a-impure.o)
[...]
Memory Configuration

Name             Origin             Length             Attributes
FLASH            0x08010000         0x00050000         xr
RAM              0x20000000         0x00020000         xrw
*default*        0x00000000         0xffffffff

Linker script and memory map

LOAD D:/STMCUBEIDE/STM32CubeIDE_1.19.0/STM32CubeIDE/plugins/com.st.stm32cube.ide.mcu.externaltools.gnu-tools-for-stm32.13.3.rel1.win32_1.0.0.202411081344/tools/bin/../lib/gcc/arm-none-eabi/13.3.1/thumb/v7e-m+fp/hard/crti.o
LOAD D:/STMCUBEIDE/STM32CubeIDE_1.19.0/STM32CubeIDE/plugins/com.st.stm32cube.ide.mcu.externaltools.gnu-tools-for-stm32.13.3.rel1.win32_1.0.0.202411081344/tools/bin/../lib/gcc/arm-none-eabi/13.3.1/thumb/v7e-m+fp/hard/crtbegin.o
LOAD D:/STMCUBEIDE/STM32CubeIDE_1.19.0/STM32CubeIDE/plugins/com.st.stm32cube.ide.mcu.externaltools.gnu-tools-for-stm32.13.3.rel1.win32_1.0.0.202411081344/tools/bin/../lib/gcc/arm-none-eabi/13.3.1/../../../../arm-none-eabi/lib/thumb/v7e-m+fp/hard/crt0.o
LOAD ./Core/Src/BMP280.o
LOAD ./Core/Src/diagnostic.o
LOAD ./Core/Src/firmware.o
LOAD ./Core/Src/gpio.o
LOAD ./Core/Src/i2c.o
LOAD ./Core/Src/main.o
LOAD ./Core/Src/sht31.o
LOAD ./Core/Src/spi.o
LOAD ./Core/Src/state_machine.o
LOAD ./Core/Src/stm32f4xx_hal_msp.o
LOAD ./Core/Src/stm32f4xx_it.o
LOAD ./Core/Src/syscalls.o
LOAD ./Core/Src/sysmem.o
LOAD ./Core/Src/system_stm32f4xx.o
LOAD ./Core/Src/tim.o
LOAD ./Core/Src/usart.o
LOAD ./Core/Startup/startup_stm32f446retx.o
LOAD ./Drivers/STM32F4xx_HAL_Driver/Src/stm32f4xx_hal.o
LOAD ./Drivers/STM32F4xx_HAL_Driver/Src/stm32f4xx_hal_cortex.o
LOAD ./Drivers/STM32F4xx_HAL_Driver/Src/stm32f4xx_hal_dma.o
LOAD ./Drivers/STM32F4xx_HAL_Driver/Src/stm32f4xx_hal_dma_ex.o
LOAD ./Drivers/STM32F4xx_HAL_Driver/Src/stm32f4xx_hal_exti.o
LOAD ./Drivers/STM32F4xx_HAL_Driver/Src/stm32f4xx_hal_flash.o
LOAD ./Drivers/STM32F4xx_HAL_Driver/Src/stm32f4xx_hal_flash_ex.o
LOAD ./Drivers/STM32F4xx_HAL_Driver/Src/stm32f4xx_hal_flash_ramfunc.o
LOAD ./Drivers/STM32F4xx_HAL_Driver/Src/stm32f4xx_hal_gpio.o
LOAD ./Drivers/STM32F4xx_HAL_Driver/Src/stm32f4xx_hal_i2c.o
LOAD ./Drivers/STM32F4xx_HAL_Driver/Src/stm32f4xx_hal_i2c_ex.o
LOAD ./Drivers/STM32F4xx_HAL_Driver/Src/stm32f4xx_hal_pwr.o
LOAD ./Drivers/STM32F4xx_HAL_Driver/Src/stm32f4xx_hal_pwr_ex.o
LOAD ./Drivers/STM32F4xx_HAL_Driver/Src/stm32f4xx_hal_rcc.o
LOAD ./Drivers/STM32F4xx_HAL_Driver/Src/stm32f4xx_hal_rcc_ex.o
LOAD ./Drivers/STM32F4xx_HAL_Driver/Src/stm32f4xx_hal_spi.o
LOAD ./Drivers/STM32F4xx_HAL_Driver/Src/stm32f4xx_hal_tim.o
LOAD ./Drivers/STM32F4xx_HAL_Driver/Src/stm32f4xx_hal_tim_ex.o
LOAD ./Drivers/STM32F4xx_HAL_Driver/Src/stm32f4xx_hal_uart.o
START GROUP
LOAD D:/STMCUBEIDE/STM32CubeIDE_1.19.0/STM32CubeIDE/plugins/com.st.stm32cube.ide.mcu.externaltools.gnu-tools-for-stm32.13.3.rel1.win32_1.0.0.202411081344/tools/bin/../lib/gcc/arm-none-eabi/13.3.1/../../../../arm-none-eabi/lib/thumb/v7e-m+fp/hard\libc_nano.a
LOAD D:/STMCUBEIDE/STM32CubeIDE_1.19.0/STM32CubeIDE/plugins/com.st.stm32cube.ide.mcu.externaltools.gnu-tools-for-stm32.13.3.rel1.win32_1.0.0.202411081344/tools/bin/../lib/gcc/arm-none-eabi/13.3.1/../../../../arm-none-eabi/lib/thumb/v7e-m+fp/hard\libm.a
END GROUP
START GROUP
LOAD D:/STMCUBEIDE/STM32CubeIDE_1.19.0/STM32CubeIDE/plugins/com.st.stm32cube.ide.mcu.externaltools.gnu-tools-for-stm32.13.3.rel1.win32_1.0.0.202411081344/tools/bin/../lib/gcc/arm-none-eabi/13.3.1/thumb/v7e-m+fp/hard\libgcc.a
LOAD D:/STMCUBEIDE/STM32CubeIDE_1.19.0/STM32CubeIDE/plugins/com.st.stm32cube.ide.mcu.externaltools.gnu-tools-for-stm32.13.3.rel1.win32_1.0.0.202411081344/tools/bin/../lib/gcc/arm-none-eabi/13.3.1/../../../../arm-none-eabi/lib/thumb/v7e-m+fp/hard\libc_nano.a
END GROUP
START GROUP
LOAD D:/STMCUBEIDE/STM32CubeIDE_1.19.0/STM32CubeIDE/plugins/com.st.stm32cube.ide.mcu.externaltools.gnu-tools-for-stm32.13.3.rel1.win32_1.0.0.202411081344/tools/bin/../lib/gcc/arm-none-eabi/13.3.1/thumb/v7e-m+fp/hard\libgcc.a
LOAD D:/STMCUBEIDE/STM32CubeIDE_1.19.0/STM32CubeIDE/plugins/com.st.stm32cube.ide.mcu.externaltools.gnu-tools-for-stm32.13.3.rel1.win32_1.0.0.202411081344/tools/bin/../lib/gcc/arm-none-eabi/13.3.1/../../../../arm-none-eabi/lib/thumb/v7e-m+fp/hard\libc_nano.a
LOAD D:/STMCUBEIDE/STM32CubeIDE_1.19.0/STM32CubeIDE/plugins/com.st.stm32cube.ide.mcu.externaltools.gnu-tools-for-stm32.13.3.rel1.win32_1.0.0.202411081344/tools/bin/../lib/gcc/arm-none-eabi/13.3.1/../../../../arm-none-eabi/lib/thumb/v7e-m+fp/hard\libnosys.a
END GROUP
START GROUP
LOAD D:/STMCUBEIDE/STM32CubeIDE_1.19.0/STM32CubeIDE/plugins/com.st.stm32cube.ide.mcu.externaltools.gnu-tools-for-stm32.13.3.rel1.win32_1.0.0.202411081344/tools/bin/../lib/gcc/arm-none-eabi/13.3.1/thumb/v7e-m+fp/hard\libgcc.a
LOAD D:/STMCUBEIDE/STM32CubeIDE_1.19.0/STM32CubeIDE/plugins/com.st.stm32cube.ide.mcu.externaltools.gnu-tools-for-stm32.13.3.rel1.win32_1.0.0.202411081344/tools/bin/../lib/gcc/arm-none-eabi/13.3.1/../../../../arm-none-eabi/lib/thumb/v7e-m+fp/hard\libc_nano.a
LOAD D:/STMCUBEIDE/STM32CubeIDE_1.19.0/STM32CubeIDE/plugins/com.st.stm32cube.ide.mcu.externaltools.gnu-tools-for-stm32.13.3.rel1.win32_1.0.0.202411081344/tools/bin/../lib/gcc/arm-none-eabi/13.3.1/../../../../arm-none-eabi/lib/thumb/v7e-m+fp/hard\libnosys.a
END GROUP
LOAD D:/STMCUBEIDE/STM32CubeIDE_1.19.0/STM32CubeIDE/plugins/com.st.stm32cube.ide.mcu.externaltools.gnu-tools-for-stm32.13.3.rel1.win32_1.0.0.202411081344/tools/bin/../lib/gcc/arm-none-eabi/13.3.1/thumb/v7e-m+fp/hard/crtend.o
LOAD D:/STMCUBEIDE/STM32CubeIDE_1.19.0/STM32CubeIDE/plugins/com.st.stm32cube.ide.mcu.externaltools.gnu-tools-for-stm32.13.3.rel1.win32_1.0.0.202411081344/tools/bin/../lib/gcc/arm-none-eabi/13.3.1/thumb/v7e-m+fp/hard/crtn.o
                0x20020000                        _estack = (ORIGIN (RAM) + LENGTH (RAM))
                0x00000200                        _Min_Heap_Size = 0x200
                0x00000400                        _Min_Stack_Size = 0x400

.isr_vector     0x08010000      0x1c4
                0x08010000                        . = ALIGN (0x4)
 *(.isr_vector)
 .isr_vector    0x08010000      0x1c4 ./Core/Startup/startup_stm32f446retx.o
                0x08010000                g_pfnVectors
                0x080101c4                        . = ALIGN (0x4)

.text           0x080101d0     0x9208
                0x080101d0                        . = ALIGN (0x4)
 *(.text)
 .text          0x080101d0       0x40 D:/STMCUBEIDE/STM32CubeIDE_1.19.0/STM32CubeIDE/plugins/com.st.stm32cube.ide.mcu.externaltools.gnu-tools-for-stm32.13.3.rel1.win32_1.0.0.202411081344/tools/bin/../lib/gcc/arm-none-eabi/13.3.1/thumb/v7e-m+fp/hard/crtbegin.o
 .text          0x08010210       0x14 D:/STMCUBEIDE/STM32CubeIDE_1.19.0/STM32CubeIDE/plugins/com.st.stm32cube.ide.mcu.externaltools.gnu-tools-for-stm32.13.3.rel1.win32_1.0.0.202411081344/tools/bin/../lib/gcc/arm-none-eabi/13.3.1/../../../../arm-none-eabi/lib/thumb/v7e-m+fp/hard\libc_nano.a(libc_a-strcmp.o)
                0x08010210                strcmp
 .text          0x08010224       0x10 D:/STMCUBEIDE/STM32CubeIDE_1.19.0/STM32CubeIDE/plugins/com.st.stm32cube.ide.mcu.externaltools.gnu-tools-for-stm32.13.3.rel1.win32_1.0.0.202411081344/tools/bin/../lib/gcc/arm-none-eabi/13.3.1/../../../../arm-none-eabi/lib/thumb/v7e-m+fp/hard\libc_nano.a(libc_a-strlen.o)
                0x08010224                strlen
 *fill*         0x08010234        0xc 
 .text          0x08010240       0xa0 D:/STMCUBEIDE/STM32CubeIDE_1.19.0/STM32CubeIDE/plugins/com.st.stm32cube.ide.mcu.externaltools.gnu-tools-for-stm32.13.3.rel1.win32_1.0.0.202411081344/tools/bin/../lib/gcc/arm-none-eabi/13.3.1/../../../../arm-none-eabi/lib/thumb/v7e-m+fp/hard\libc_nano.a(libc_a-memchr.o)
                0x08010240                memchr
 .text          0x080102e0      0x21c D:/STMCUBEIDE/STM32CubeIDE_1.19.0/STM32CubeIDE/plugins/com.st.stm32cube.ide.mcu.externaltools.gnu-tools-for-stm32.13.3.rel1.win32_1.0.0.202411081344/tools/bin/../lib/gcc/arm-none-eabi/13.3.1/thumb/v7e-m+fp/hard\libgcc.a(_arm_addsubsf3.o)
                0x080102e0                __aeabi_frsub
                0x080102e8                __subsf3
                0x080102e8                __aeabi_fsub
                0x080102ec                __aeabi_fadd
                0x080102ec                __addsf3
                0x0801044c                __aeabi_ui2f
                0x0801044c                __floatunsisf
                0x08010454                __aeabi_i2f
                0x08010454                __floatsisf
                0x08010470                __aeabi_ul2f
                0x08010470                __floatundisf
                0x08010480                __aeabi_l2f
                0x08010480                __floatdisf
 .text          0x080104fc       0xa0 D:/STMCUBEIDE/STM32CubeIDE_1.19.0/STM32CubeIDE/plugins/com.st.stm32cube.ide.mcu.externaltools.gnu-tools-for-stm32.13.3.rel1.win32_1.0.0.202411081344/tools/bin/../lib/gcc/arm-none-eabi/13.3.1/thumb/v7e-m+fp/hard\libgcc.a(_aeabi_ldivmod.o)
                0x080104fc                __aeabi_ldivmod
 .text          0x0801059c       0x30 D:/STMCUBEIDE/STM32CubeIDE_1.19.0/STM32CubeIDE/plugins/com.st.stm32cube.ide.mcu.externaltools.gnu-tools-for-stm32.13.3.rel1.win32_1.0.0.202411081344/tools/bin/../lib/gcc/arm-none-eabi/13.3.1/thumb/v7e-m+fp/hard\libgcc.a(_aeabi_uldivmod.o)
                0x0801059c                __aeabi_uldivmod
 .text          0x080105cc      0x2f8 D:/STMCUBEIDE/STM32CubeIDE_1.19.0/STM32CubeIDE/plugins/com.st.stm32cube.ide.mcu.externaltools.gnu-tools-for-stm32.13.3.rel1.win32_1.0.0.202411081344/tools/bin/../lib/gcc/arm-none-eabi/13.3.1/thumb/v7e-m+fp/hard\libgcc.a(_udivmoddi4.o)
                0x080105cc                __udivmoddi4
 .text          0x080108c4        0x4 D:/STMCUBEIDE/STM32CubeIDE_1.19.0/STM32CubeIDE/plugins/com.st.stm32cube.ide.mcu.externaltools.gnu-tools-for-stm32.13.3.rel1.win32_1.0.0.202411081344/tools/bin/../lib/gcc/arm-none-eabi/13.3.1/thumb/v7e-m+fp/hard\libgcc.a(_dvmd_tls.o)
                0x080108c4                __aeabi_idiv0
                0x080108c4                __aeabi_ldiv0
 *(.text*)
 .text.BMP280_ReadReg
                0x080108c8       0x84 ./Core/Src/BMP280.o
 .text.BMP280_WriteReg
                0x0801094c       0x64 ./Core/Src/BMP280.o
 .text.BMP280_ReadCalib
                0x080109b0      0x10c ./Core/Src/BMP280.o
 .text.BMP280_CompensateTemp
                0x08010abc       0x90 ./Core/Src/BMP280.o
 .text.BMP280_CompensatePress
                0x08010b4c      0x58c ./Core/Src/BMP280.o
 .text.BMP280_Init
                0x080110d8       0x5e ./Core/Src/BMP280.o
                0x080110d8                BMP280_Init
 *fill*         0x08011136        0x2 
 .text.BMP280_Read
                0x08011138       0xf4 ./Core/Src/BMP280.o
                0x08011138                BMP280_Read
 .text.__NVIC_SystemReset
                0x0801122c       0x2c ./Core/Src/diagnostic.o
 .text.DIAG_Init
                0x08011258       0x64 ./Core/Src/diagnostic.o
                0x08011258                DIAG_Init
 .text.DIAG_Print
                0x080112bc       0x26 ./Core/Src/diagnostic.o
                0x080112bc                DIAG_Print
 *fill*         0x080112e2        0x2 
 .text.DIAG_RxCallback
                0x080112e4       0xfc ./Core/Src/diagnostic.o
                0x080112e4                DIAG_RxCallback
 .text.DIAG_Process
                0x080113e0      0x444 ./Core/Src/diagnostic.o
                0x080113e0                DIAG_Process
 .text.Firmware_Init
                0x08011824       0x38 ./Core/Src/firmware.o
                0x08011824                Firmware_Init
 .text.Firmware_Run
                0x0801185c       0x64 ./Core/Src/firmware.o
                0x0801185c                Firmware_Run
 .text.HAL_TIM_PeriodElapsedCallback
                0x080118c0       0x28 ./Core/Src/firmware.o
                0x080118c0                HAL_TIM_PeriodElapsedCallback
 .text.HAL_UART_RxCpltCallback
                0x080118e8       0x24 ./Core/Src/firmware.o
                0x080118e8                HAL_UART_RxCpltCallback
 .text.MX_GPIO_Init
                0x0801190c       0xa0 ./Core/Src/gpio.o
                0x0801190c                MX_GPIO_Init
 .text.MX_I2C1_Init
                0x080119ac       0x5c ./Core/Src/i2c.o
                0x080119ac                MX_I2C1_Init
 .text.HAL_I2C_MspInit
                0x08011a08       0xb0 ./Core/Src/i2c.o
                0x08011a08                HAL_I2C_MspInit
 .text.main     0x08011ab8       0x60 ./Core/Src/main.o
                0x08011ab8                main
 .text.SystemClock_Config
                0x08011b18       0xe8 ./Core/Src/main.o
                0x08011b18                SystemClock_Config
 .text.Error_Handler
                0x08011c00        0xc ./Core/Src/main.o
                0x08011c00                Error_Handler
 .text.SHT31_Init
                0x08011c0c       0x3c ./Core/Src/sht31.o
                0x08011c0c                SHT31_Init
 .text.SHT31_Read
                0x08011c48      0x188 ./Core/Src/sht31.o
                0x08011c48                SHT31_Read
 .text.SHT31_CRC8
                0x08011dd0       0x6a ./Core/Src/sht31.o
 *fill*         0x08011e3a        0x2 
 .text.MX_SPI1_Init
                0x08011e3c       0x6c ./Core/Src/spi.o
                0x08011e3c                MX_SPI1_Init
 .text.HAL_SPI_MspInit
                0x08011ea8       0x90 ./Core/Src/spi.o
                0x08011ea8                HAL_SPI_MspInit
 .text.SM_Init  0x08011f38       0x32 ./Core/Src/state_machine.o
                0x08011f38                SM_Init
 *fill*         0x08011f6a        0x2 
 .text.SM_Update
                0x08011f6c      0x154 ./Core/Src/state_machine.o
                0x08011f6c                SM_Update
 .text.SM_CheckSensors
                0x080120c0       0xdc ./Core/Src/state_machine.o
 .text.SM_DoRecovery
                0x0801219c       0x5c ./Core/Src/state_machine.o
 .text.SM_EnterFault
                0x080121f8       0x2a ./Core/Src/state_machine.o
 .text.SM_EnterWarning
                0x08012222       0x24 ./Core/Src/state_machine.o
 .text.SM_EnterNormal
                0x08012246       0x2c ./Core/Src/state_machine.o
 *fill*         0x08012272        0x2 
 .text.SM_GetStateString
                0x08012274       0x5c ./Core/Src/state_machine.o
                0x08012274                SM_GetStateString
 .text.HAL_MspInit
                0x080122d0       0x50 ./Core/Src/stm32f4xx_hal_msp.o
                0x080122d0                HAL_MspInit
 .text.NMI_Handler
                0x08012320        0x8 ./Core/Src/stm32f4xx_it.o
                0x08012320                NMI_Handler
 .text.HardFault_Handler
                0x08012328        0x8 ./Core/Src/stm32f4xx_it.o
                0x08012328                HardFault_Handler
 .text.MemManage_Handler
                0x08012330        0x8 ./Core/Src/stm32f4xx_it.o
                0x08012330                MemManage_Handler
 .text.BusFault_Handler
                0x08012338        0x8 ./Core/Src/stm32f4xx_it.o
                0x08012338                BusFault_Handler
 .text.UsageFault_Handler
                0x08012340        0x8 ./Core/Src/stm32f4xx_it.o
                0x08012340                UsageFault_Handler
 .text.SVC_Handler
                0x08012348        0xe ./Core/Src/stm32f4xx_it.o
                0x08012348                SVC_Handler
 .text.DebugMon_Handler
                0x08012356        0xe ./Core/Src/stm32f4xx_it.o
                0x08012356                DebugMon_Handler
 .text.PendSV_Handler
                0x08012364        0xe ./Core/Src/stm32f4xx_it.o
                0x08012364                PendSV_Handler
 .text.SysTick_Handler
                0x08012372        0xc ./Core/Src/stm32f4xx_it.o
                0x08012372                SysTick_Handler
 *fill*         0x0801237e        0x2 
 .text.TIM2_IRQHandler
                0x08012380       0x14 ./Core/Src/stm32f4xx_it.o
                0x08012380                TIM2_IRQHandler
 .text.I2C1_EV_IRQHandler
                0x08012394       0x14 ./Core/Src/stm32f4xx_it.o
                0x08012394                I2C1_EV_IRQHandler
 .text.I2C1_ER_IRQHandler
                0x080123a8       0x14 ./Core/Src/stm32f4xx_it.o
                0x080123a8                I2C1_ER_IRQHandler
 .text.USART2_IRQHandler
                0x080123bc       0x14 ./Core/Src/stm32f4xx_it.o
                0x080123bc                USART2_IRQHandler
 .text._sbrk    0x080123d0       0x6c ./Core/Src/sysmem.o
                0x080123d0                _sbrk
 .text.SystemInit
                0x0801243c       0x24 ./Core/Src/system_stm32f4xx.o
                0x0801243c                SystemInit
 .text.MX_TIM2_Init
                0x08012460       0x9c ./Core/Src/tim.o
                0x08012460                MX_TIM2_Init
 .text.HAL_TIM_Base_MspInit
                0x080124fc       0x4c ./Core/Src/tim.o
                0x080124fc                HAL_TIM_Base_MspInit
 .text.MX_USART2_UART_Init
                0x08012548       0x54 ./Core/Src/usart.o
                0x08012548                MX_USART2_UART_Init
 .text.HAL_UART_MspInit
                0x0801259c       0xa0 ./Core/Src/usart.o
                0x0801259c                HAL_UART_MspInit
 .text.Reset_Handler
                0x0801263c       0x50 ./Core/Startup/startup_stm32f446retx.o
                0x0801263c                Reset_Handler
 .text.Default_Handler
                0x0801268c        0x2 ./Core/Startup/startup_stm32f446retx.o
                0x0801268c                RTC_Alarm_IRQHandler
                0x0801268c                EXTI2_IRQHandler
                0x0801268c                TIM8_CC_IRQHandler
                0x0801268c                FMPI2C1_EV_IRQHandler
                0x0801268c                SPI4_IRQHandler
                0x0801268c                TIM1_CC_IRQHandler
                0x0801268c                DMA2_Stream5_IRQHandler
                0x0801268c                DMA1_Stream5_IRQHandler
                0x0801268c                PVD_IRQHandler
                0x0801268c                SDIO_IRQHandler
                0x0801268c                TAMP_STAMP_IRQHandler
                0x0801268c                CAN2_RX1_IRQHandler
                0x0801268c                EXTI3_IRQHandler
                0x0801268c                TIM8_TRG_COM_TIM14_IRQHandler
                0x0801268c                TIM1_UP_TIM10_IRQHandler
                0x0801268c                TIM8_UP_TIM13_IRQHandler
                0x0801268c                I2C3_ER_IRQHandler
                0x0801268c                EXTI0_IRQHandler
                0x0801268c                I2C2_EV_IRQHandler
                0x0801268c                DMA1_Stream2_IRQHandler
                0x0801268c                CAN1_RX0_IRQHandler
                0x0801268c                FPU_IRQHandler
                0x0801268c                OTG_HS_WKUP_IRQHandler
                0x0801268c                CAN2_SCE_IRQHandler
                0x0801268c                DMA2_Stream2_IRQHandler
                0x0801268c                SPI1_IRQHandler
                0x0801268c                TIM6_DAC_IRQHandler
                0x0801268c                TIM1_BRK_TIM9_IRQHandler
                0x0801268c                DCMI_IRQHandler
                0x0801268c                CAN2_RX0_IRQHandler
                0x0801268c                DMA2_Stream3_IRQHandler
                0x0801268c                SAI2_IRQHandler
                0x0801268c                USART6_IRQHandler
                0x0801268c                USART3_IRQHandler
                0x0801268c                CAN1_RX1_IRQHandler
                0x0801268c                UART5_IRQHandler
                0x0801268c                DMA2_Stream0_IRQHandler
                0x0801268c                TIM4_IRQHandler
                0x0801268c                QUADSPI_IRQHandler
                0x0801268c                DMA1_Stream6_IRQHandler
                0x0801268c                DMA1_Stream1_IRQHandler
                0x0801268c                UART4_IRQHandler
                0x0801268c                TIM3_IRQHandler
                0x0801268c                RCC_IRQHandler
                0x0801268c                TIM8_BRK_TIM12_IRQHandler
                0x0801268c                Default_Handler
                0x0801268c                CEC_IRQHandler
                0x0801268c                EXTI15_10_IRQHandler
                0x0801268c                ADC_IRQHandler
                0x0801268c                DMA1_Stream7_IRQHandler
                0x0801268c                TIM7_IRQHandler
                0x0801268c                CAN2_TX_IRQHandler
                0x0801268c                TIM5_IRQHandler
                0x0801268c                DMA2_Stream7_IRQHandler
                0x0801268c                I2C3_EV_IRQHandler
                0x0801268c                EXTI9_5_IRQHandler
                0x0801268c                RTC_WKUP_IRQHandler
                0x0801268c                SPDIF_RX_IRQHandler
                0x0801268c                SPI2_IRQHandler
                0x0801268c                OTG_HS_EP1_IN_IRQHandler
                0x0801268c                DMA1_Stream0_IRQHandler
                0x0801268c                CAN1_TX_IRQHandler
                0x0801268c                FMPI2C1_ER_IRQHandler
                0x0801268c                EXTI4_IRQHandler
                0x0801268c                OTG_HS_EP1_OUT_IRQHandler
                0x0801268c                WWDG_IRQHandler
                0x0801268c                OTG_FS_WKUP_IRQHandler
                0x0801268c                TIM1_TRG_COM_TIM11_IRQHandler
                0x0801268c                OTG_HS_IRQHandler
                0x0801268c                EXTI1_IRQHandler
                0x0801268c                I2C2_ER_IRQHandler
                0x0801268c                DMA2_Stream1_IRQHandler
                0x0801268c                CAN1_SCE_IRQHandler
                0x0801268c                FLASH_IRQHandler
                0x0801268c                DMA2_Stream4_IRQHandler
                0x0801268c                USART1_IRQHandler
                0x0801268c                OTG_FS_IRQHandler
                0x0801268c                SPI3_IRQHandler
                0x0801268c                DMA1_Stream4_IRQHandler
                0x0801268c                FMC_IRQHandler
                0x0801268c                DMA2_Stream6_IRQHandler
                0x0801268c                SAI1_IRQHandler
                0x0801268c                DMA1_Stream3_IRQHandler
 *fill*         0x0801268e        0x2 
 .text.HAL_Init
                0x08012690       0x44 ./Drivers/STM32F4xx_HAL_Driver/Src/stm32f4xx_hal.o
                0x08012690                HAL_Init
 .text.HAL_InitTick
                0x080126d4       0x60 ./Drivers/STM32F4xx_HAL_Driver/Src/stm32f4xx_hal.o
                0x080126d4                HAL_InitTick
 .text.HAL_IncTick
                0x08012734       0x28 ./Drivers/STM32F4xx_HAL_Driver/Src/stm32f4xx_hal.o
                0x08012734                HAL_IncTick
 .text.HAL_GetTick
                0x0801275c       0x18 ./Drivers/STM32F4xx_HAL_Driver/Src/stm32f4xx_hal.o
                0x0801275c                HAL_GetTick
 .text.HAL_Delay
                0x08012774       0x48 ./Drivers/STM32F4xx_HAL_Driver/Src/stm32f4xx_hal.o
                0x08012774                HAL_Delay
 .text.__NVIC_SetPriorityGrouping
                0x080127bc       0x48 ./Drivers/STM32F4xx_HAL_Driver/Src/stm32f4xx_hal_cortex.o
 .text.__NVIC_GetPriorityGrouping
                0x08012804       0x1c ./Drivers/STM32F4xx_HAL_Driver/Src/stm32f4xx_hal_cortex.o
 .text.__NVIC_EnableIRQ
                0x08012820       0x3c ./Drivers/STM32F4xx_HAL_Driver/Src/stm32f4xx_hal_cortex.o
 .text.__NVIC_SetPriority
                0x0801285c       0x54 ./Drivers/STM32F4xx_HAL_Driver/Src/stm32f4xx_hal_cortex.o
 .text.NVIC_EncodePriority
                0x080128b0       0x66 ./Drivers/STM32F4xx_HAL_Driver/Src/stm32f4xx_hal_cortex.o
 *fill*         0x08012916        0x2 
 .text.SysTick_Config
                0x08012918       0x44 ./Drivers/STM32F4xx_HAL_Driver/Src/stm32f4xx_hal_cortex.o
 .text.HAL_NVIC_SetPriorityGrouping
                0x0801295c       0x16 ./Drivers/STM32F4xx_HAL_Driver/Src/stm32f4xx_hal_cortex.o
                0x0801295c                HAL_NVIC_SetPriorityGrouping
 .text.HAL_NVIC_SetPriority
                0x08012972       0x38 ./Drivers/STM32F4xx_HAL_Driver/Src/stm32f4xx_hal_cortex.o
                0x08012972                HAL_NVIC_SetPriority
 .text.HAL_NVIC_EnableIRQ
                0x080129aa       0x1c ./Drivers/STM32F4xx_HAL_Driver/Src/stm32f4xx_hal_cortex.o
                0x080129aa                HAL_NVIC_EnableIRQ
 .text.HAL_SYSTICK_Config
                0x080129c6       0x18 ./Drivers/STM32F4xx_HAL_Driver/Src/stm32f4xx_hal_cortex.o
                0x080129c6                HAL_SYSTICK_Config
 .text.HAL_DMA_Abort
                0x080129de       0xe0 ./Drivers/STM32F4xx_HAL_Driver/Src/stm32f4xx_hal_dma.o
                0x080129de                HAL_DMA_Abort
 .text.HAL_DMA_Abort_IT
                0x08012abe       0x44 ./Drivers/STM32F4xx_HAL_Driver/Src/stm32f4xx_hal_dma.o
                0x08012abe                HAL_DMA_Abort_IT
 .text.HAL_DMA_GetState
                0x08012b02       0x1c ./Drivers/STM32F4xx_HAL_Driver/Src/stm32f4xx_hal_dma.o
                0x08012b02                HAL_DMA_GetState
 *fill*         0x08012b1e        0x2 
 .text.HAL_GPIO_Init
                0x08012b20      0x328 ./Drivers/STM32F4xx_HAL_Driver/Src/stm32f4xx_hal_gpio.o
                0x08012b20                HAL_GPIO_Init
 .text.HAL_GPIO_WritePin
                0x08012e48       0x32 ./Drivers/STM32F4xx_HAL_Driver/Src/stm32f4xx_hal_gpio.o
                0x08012e48                HAL_GPIO_WritePin
 *fill*         0x08012e7a        0x2 
 .text.HAL_I2C_Init
                0x08012e7c      0x288 ./Drivers/STM32F4xx_HAL_Driver/Src/stm32f4xx_hal_i2c.o
                0x08012e7c                HAL_I2C_Init
 .text.I2C_Flush_DR
                0x08013104       0x2a ./Drivers/STM32F4xx_HAL_Driver/Src/stm32f4xx_hal_i2c.o
 *fill*         0x0801312e        0x2 
 .text.HAL_I2C_Master_Transmit
                0x08013130      0x1fc ./Drivers/STM32F4xx_HAL_Driver/Src/stm32f4xx_hal_i2c.o
                0x08013130                HAL_I2C_Master_Transmit
 .text.HAL_I2C_Master_Receive
                0x0801332c      0x464 ./Drivers/STM32F4xx_HAL_Driver/Src/stm32f4xx_hal_i2c.o
                0x0801332c                HAL_I2C_Master_Receive
 .text.HAL_I2C_EV_IRQHandler
                0x08013790      0x2e2 ./Drivers/STM32F4xx_HAL_Driver/Src/stm32f4xx_hal_i2c.o
                0x08013790                HAL_I2C_EV_IRQHandler
 .text.HAL_I2C_ER_IRQHandler
                0x08013a72      0x14e ./Drivers/STM32F4xx_HAL_Driver/Src/stm32f4xx_hal_i2c.o
                0x08013a72                HAL_I2C_ER_IRQHandler
 .text.HAL_I2C_MasterTxCpltCallback
                0x08013bc0       0x14 ./Drivers/STM32F4xx_HAL_Driver/Src/stm32f4xx_hal_i2c.o
                0x08013bc0                HAL_I2C_MasterTxCpltCallback
 .text.HAL_I2C_MasterRxCpltCallback
                0x08013bd4       0x14 ./Drivers/STM32F4xx_HAL_Driver/Src/stm32f4xx_hal_i2c.o
                0x08013bd4                HAL_I2C_MasterRxCpltCallback
 .text.HAL_I2C_SlaveTxCpltCallback
                0x08013be8       0x14 ./Drivers/STM32F4xx_HAL_Driver/Src/stm32f4xx_hal_i2c.o
                0x08013be8                HAL_I2C_SlaveTxCpltCallback
 .text.HAL_I2C_SlaveRxCpltCallback
                0x08013bfc       0x14 ./Drivers/STM32F4xx_HAL_Driver/Src/stm32f4xx_hal_i2c.o
                0x08013bfc                HAL_I2C_SlaveRxCpltCallback
 .text.HAL_I2C_AddrCallback
                0x08013c10       0x1c ./Drivers/STM32F4xx_HAL_Driver/Src/stm32f4xx_hal_i2c.o
                0x08013c10                HAL_I2C_AddrCallback
 .text.HAL_I2C_ListenCpltCallback
                0x08013c2c       0x14 ./Drivers/STM32F4xx_HAL_Driver/Src/stm32f4xx_hal_i2c.o
                0x08013c2c                HAL_I2C_ListenCpltCallback
 .text.HAL_I2C_MemTxCpltCallback
                0x08013c40       0x14 ./Drivers/STM32F4xx_HAL_Driver/Src/stm32f4xx_hal_i2c.o
                0x08013c40                HAL_I2C_MemTxCpltCallback
 .text.HAL_I2C_MemRxCpltCallback
                0x08013c54       0x14 ./Drivers/STM32F4xx_HAL_Driver/Src/stm32f4xx_hal_i2c.o
                0x08013c54                HAL_I2C_MemRxCpltCallback
 .text.HAL_I2C_ErrorCallback
                0x08013c68       0x14 ./Drivers/STM32F4xx_HAL_Driver/Src/stm32f4xx_hal_i2c.o
                0x08013c68                HAL_I2C_ErrorCallback
 .text.HAL_I2C_AbortCpltCallback
                0x08013c7c       0x14 ./Drivers/STM32F4xx_HAL_Driver/Src/stm32f4xx_hal_i2c.o
                0x08013c7c                HAL_I2C_AbortCpltCallback
 .text.I2C_MasterTransmit_TXE
                0x08013c90      0x138 ./Drivers/STM32F4xx_HAL_Driver/Src/stm32f4xx_hal_i2c.o
 .text.I2C_MasterTransmit_BTF
                0x08013dc8       0xec ./Drivers/STM32F4xx_HAL_Driver/Src/stm32f4xx_hal_i2c.o
 .text.I2C_MemoryTransmit_TXE_BTF
                0x08013eb4      0x130 ./Drivers/STM32F4xx_HAL_Driver/Src/stm32f4xx_hal_i2c.o
 .text.I2C_MasterReceive_RXNE
                0x08013fe4      0x190 ./Drivers/STM32F4xx_HAL_Driver/Src/stm32f4xx_hal_i2c.o
 .text.I2C_MasterReceive_BTF
                0x08014174      0x1e2 ./Drivers/STM32F4xx_HAL_Driver/Src/stm32f4xx_hal_i2c.o
 .text.I2C_Master_SB
                0x08014356      0x10c ./Drivers/STM32F4xx_HAL_Driver/Src/stm32f4xx_hal_i2c.o
 .text.I2C_Master_ADD10
                0x08014462       0x54 ./Drivers/STM32F4xx_HAL_Driver/Src/stm32f4xx_hal_i2c.o
 .text.I2C_Master_ADDR
                0x080144b6      0x322 ./Drivers/STM32F4xx_HAL_Driver/Src/stm32f4xx_hal_i2c.o
 .text.I2C_SlaveTransmit_TXE
                0x080147d8       0x7a ./Drivers/STM32F4xx_HAL_Driver/Src/stm32f4xx_hal_i2c.o
 .text.I2C_SlaveTransmit_BTF
                0x08014852       0x42 ./Drivers/STM32F4xx_HAL_Driver/Src/stm32f4xx_hal_i2c.o
 .text.I2C_SlaveReceive_RXNE
                0x08014894       0x7c ./Drivers/STM32F4xx_HAL_Driver/Src/stm32f4xx_hal_i2c.o
 .text.I2C_SlaveReceive_BTF
                0x08014910       0x44 ./Drivers/STM32F4xx_HAL_Driver/Src/stm32f4xx_hal_i2c.o
 .text.I2C_Slave_ADDR
                0x08014954       0x94 ./Drivers/STM32F4xx_HAL_Driver/Src/stm32f4xx_hal_i2c.o
 .text.I2C_Slave_STOPF
                0x080149e8      0x260 ./Drivers/STM32F4xx_HAL_Driver/Src/stm32f4xx_hal_i2c.o
 .text.I2C_Slave_AF
                0x08014c48       0xe8 ./Drivers/STM32F4xx_HAL_Driver/Src/stm32f4xx_hal_i2c.o
 .text.I2C_ITError
                0x08014d30      0x264 ./Drivers/STM32F4xx_HAL_Driver/Src/stm32f4xx_hal_i2c.o
 .text.I2C_MasterRequestWrite
                0x08014f94      0x104 ./Drivers/STM32F4xx_HAL_Driver/Src/stm32f4xx_hal_i2c.o
 .text.I2C_MasterRequestRead
                0x08015098      0x19c ./Drivers/STM32F4xx_HAL_Driver/Src/stm32f4xx_hal_i2c.o
 .text.I2C_DMAAbort
                0x08015234      0x150 ./Drivers/STM32F4xx_HAL_Driver/Src/stm32f4xx_hal_i2c.o
 .text.I2C_WaitOnFlagUntilTimeout
                0x08015384       0xf4 ./Drivers/STM32F4xx_HAL_Driver/Src/stm32f4xx_hal_i2c.o
 .text.I2C_WaitOnMasterAddressFlagUntilTimeout
                0x08015478      0x140 ./Drivers/STM32F4xx_HAL_Driver/Src/stm32f4xx_hal_i2c.o
 .text.I2C_WaitOnTXEFlagUntilTimeout
                0x080155b8       0x90 ./Drivers/STM32F4xx_HAL_Driver/Src/stm32f4xx_hal_i2c.o
 .text.I2C_WaitOnBTFFlagUntilTimeout
                0x08015648       0x90 ./Drivers/STM32F4xx_HAL_Driver/Src/stm32f4xx_hal_i2c.o
 .text.I2C_WaitOnSTOPRequestThroughIT
                0x080156d8       0x64 ./Drivers/STM32F4xx_HAL_Driver/Src/stm32f4xx_hal_i2c.o
 .text.I2C_WaitOnRXNEFlagUntilTimeout
                0x0801573c       0xba ./Drivers/STM32F4xx_HAL_Driver/Src/stm32f4xx_hal_i2c.o
 .text.I2C_IsAcknowledgeFailed
                0x080157f6       0x5e ./Drivers/STM32F4xx_HAL_Driver/Src/stm32f4xx_hal_i2c.o
 .text.I2C_ConvertOtherXferOptions
                0x08015854       0x36 ./Drivers/STM32F4xx_HAL_Driver/Src/stm32f4xx_hal_i2c.o
 *fill*         0x0801588a        0x2 
 .text.HAL_PWREx_EnableOverDrive
                0x0801588c       0xa0 ./Drivers/STM32F4xx_HAL_Driver/Src/stm32f4xx_hal_pwr_ex.o
                0x0801588c                HAL_PWREx_EnableOverDrive
 .text.HAL_RCC_ClockConfig
                0x0801592c      0x1cc ./Drivers/STM32F4xx_HAL_Driver/Src/stm32f4xx_hal_rcc.o
                0x0801592c                HAL_RCC_ClockConfig
 .text.HAL_RCC_GetHCLKFreq
                0x08015af8       0x18 ./Drivers/STM32F4xx_HAL_Driver/Src/stm32f4xx_hal_rcc.o
                0x08015af8                HAL_RCC_GetHCLKFreq
 .text.HAL_RCC_GetPCLK1Freq
                0x08015b10       0x28 ./Drivers/STM32F4xx_HAL_Driver/Src/stm32f4xx_hal_rcc.o
                0x08015b10                HAL_RCC_GetPCLK1Freq
 .text.HAL_RCC_GetPCLK2Freq
                0x08015b38       0x28 ./Drivers/STM32F4xx_HAL_Driver/Src/stm32f4xx_hal_rcc.o
                0x08015b38                HAL_RCC_GetPCLK2Freq
 .text.HAL_RCC_GetSysClockFreq
                0x08015b60      0x460 ./Drivers/STM32F4xx_HAL_Driver/Src/stm32f4xx_hal_rcc_ex.o
                0x08015b60                HAL_RCC_GetSysClockFreq
 .text.HAL_RCC_OscConfig
                0x08015fc0      0x53c ./Drivers/STM32F4xx_HAL_Driver/Src/stm32f4xx_hal_rcc_ex.o
                0x08015fc0                HAL_RCC_OscConfig
 .text.HAL_SPI_Init
                0x080164fc      0x112 ./Drivers/STM32F4xx_HAL_Driver/Src/stm32f4xx_hal_spi.o
                0x080164fc                HAL_SPI_Init
 .text.HAL_SPI_Transmit
                0x0801660e      0x288 ./Drivers/STM32F4xx_HAL_Driver/Src/stm32f4xx_hal_spi.o
                0x0801660e                HAL_SPI_Transmit
 .text.HAL_SPI_Receive
                0x08016896      0x232 ./Drivers/STM32F4xx_HAL_Driver/Src/stm32f4xx_hal_spi.o
                0x08016896                HAL_SPI_Receive
 .text.HAL_SPI_TransmitReceive
                0x08016ac8      0x352 ./Drivers/STM32F4xx_HAL_Driver/Src/stm32f4xx_hal_spi.o
                0x08016ac8                HAL_SPI_TransmitReceive
 *fill*         0x08016e1a        0x2 
 .text.SPI_WaitFlagStateUntilTimeout
                0x08016e1c      0x110 ./Drivers/STM32F4xx_HAL_Driver/Src/stm32f4xx_hal_spi.o
 .text.SPI_EndRxTransaction
                0x08016f2c       0xca ./Drivers/STM32F4xx_HAL_Driver/Src/stm32f4xx_hal_spi.o
 *fill*         0x08016ff6        0x2 
 .text.SPI_EndRxTxTransaction
                0x08016ff8       0xa8 ./Drivers/STM32F4xx_HAL_Driver/Src/stm32f4xx_hal_spi.o
 .text.HAL_TIM_Base_Init
                0x080170a0       0x9e ./Drivers/STM32F4xx_HAL_Driver/Src/stm32f4xx_hal_tim.o
                0x080170a0                HAL_TIM_Base_Init
 *fill*         0x0801713e        0x2 
 .text.HAL_TIM_Base_Start_IT
                0x08017140       0xe0 ./Drivers/STM32F4xx_HAL_Driver/Src/stm32f4xx_hal_tim.o
                0x08017140                HAL_TIM_Base_Start_IT
 .text.HAL_TIM_IRQHandler
                0x08017220      0x1e0 ./Drivers/STM32F4xx_HAL_Driver/Src/stm32f4xx_hal_tim.o
                0x08017220                HAL_TIM_IRQHandler
 .text.HAL_TIM_ConfigClockSource
                0x08017400      0x18e ./Drivers/STM32F4xx_HAL_Driver/Src/stm32f4xx_hal_tim.o
                0x08017400                HAL_TIM_ConfigClockSource
 .text.HAL_TIM_OC_DelayElapsedCallback
                0x0801758e       0x14 ./Drivers/STM32F4xx_HAL_Driver/Src/stm32f4xx_hal_tim.o
                0x0801758e                HAL_TIM_OC_DelayElapsedCallback
 .text.HAL_TIM_IC_CaptureCallback
                0x080175a2       0x14 ./Drivers/STM32F4xx_HAL_Driver/Src/stm32f4xx_hal_tim.o
                0x080175a2                HAL_TIM_IC_CaptureCallback
 .text.HAL_TIM_PWM_PulseFinishedCallback
                0x080175b6       0x14 ./Drivers/STM32F4xx_HAL_Driver/Src/stm32f4xx_hal_tim.o
                0x080175b6                HAL_TIM_PWM_PulseFinishedCallback
 .text.HAL_TIM_TriggerCallback
                0x080175ca       0x14 ./Drivers/STM32F4xx_HAL_Driver/Src/stm32f4xx_hal_tim.o
                0x080175ca                HAL_TIM_TriggerCallback
 *fill*         0x080175de        0x2 
 .text.TIM_Base_SetConfig
                0x080175e0      0x14c ./Drivers/STM32F4xx_HAL_Driver/Src/stm32f4xx_hal_tim.o
                0x080175e0                TIM_Base_SetConfig
 .text.TIM_TI1_ConfigInputStage
                0x0801772c       0x5e ./Drivers/STM32F4xx_HAL_Driver/Src/stm32f4xx_hal_tim.o
 .text.TIM_TI2_ConfigInputStage
                0x0801778a       0x60 ./Drivers/STM32F4xx_HAL_Driver/Src/stm32f4xx_hal_tim.o
 .text.TIM_ITRx_SetConfig
                0x080177ea       0x36 ./Drivers/STM32F4xx_HAL_Driver/Src/stm32f4xx_hal_tim.o
 .text.TIM_ETR_SetConfig
                0x08017820       0x40 ./Drivers/STM32F4xx_HAL_Driver/Src/stm32f4xx_hal_tim.o
                0x08017820                TIM_ETR_SetConfig
 .text.HAL_TIMEx_MasterConfigSynchronization
                0x08017860       0xf8 ./Drivers/STM32F4xx_HAL_Driver/Src/stm32f4xx_hal_tim_ex.o
                0x08017860                HAL_TIMEx_MasterConfigSynchronization
 .text.HAL_TIMEx_CommutCallback
                0x08017958       0x14 ./Drivers/STM32F4xx_HAL_Driver/Src/stm32f4xx_hal_tim_ex.o
                0x08017958                HAL_TIMEx_CommutCallback
 .text.HAL_TIMEx_BreakCallback
                0x0801796c       0x14 ./Drivers/STM32F4xx_HAL_Driver/Src/stm32f4xx_hal_tim_ex.o
                0x0801796c                HAL_TIMEx_BreakCallback
 .text.HAL_UART_Init
                0x08017980       0xa0 ./Drivers/STM32F4xx_HAL_Driver/Src/stm32f4xx_hal_uart.o
                0x08017980                HAL_UART_Init
 .text.HAL_UART_Transmit
                0x08017a20      0x116 ./Drivers/STM32F4xx_HAL_Driver/Src/stm32f4xx_hal_uart.o
                0x08017a20                HAL_UART_Transmit
 .text.HAL_UART_Receive_IT
                0x08017b36       0x4a ./Drivers/STM32F4xx_HAL_Driver/Src/stm32f4xx_hal_uart.o
                0x08017b36                HAL_UART_Receive_IT
 .text.HAL_UART_IRQHandler
                0x08017b80      0x554 ./Drivers/STM32F4xx_HAL_Driver/Src/stm32f4xx_hal_uart.o
                0x08017b80                HAL_UART_IRQHandler
 .text.HAL_UART_TxCpltCallback
                0x080180d4       0x14 ./Drivers/STM32F4xx_HAL_Driver/Src/stm32f4xx_hal_uart.o
                0x080180d4                HAL_UART_TxCpltCallback
 .text.HAL_UART_ErrorCallback
                0x080180e8       0x14 ./Drivers/STM32F4xx_HAL_Driver/Src/stm32f4xx_hal_uart.o
                0x080180e8                HAL_UART_ErrorCallback
 .text.HAL_UARTEx_RxEventCallback
                0x080180fc       0x18 ./Drivers/STM32F4xx_HAL_Driver/Src/stm32f4xx_hal_uart.o
                0x080180fc                HAL_UARTEx_RxEventCallback
 .text.UART_WaitOnFlagUntilTimeout
                0x08018114       0xb2 ./Drivers/STM32F4xx_HAL_Driver/Src/stm32f4xx_hal_uart.o
 .text.UART_Start_Receive_IT
                0x080181c6       0x74 ./Drivers/STM32F4xx_HAL_Driver/Src/stm32f4xx_hal_uart.o
                0x080181c6                UART_Start_Receive_IT
 .text.UART_EndRxTransfer
                0x0801823a       0xc6 ./Drivers/STM32F4xx_HAL_Driver/Src/stm32f4xx_hal_uart.o
 .text.UART_DMAAbortOnError
                0x08018300       0x22 ./Drivers/STM32F4xx_HAL_Driver/Src/stm32f4xx_hal_uart.o
 .text.UART_Transmit_IT
                0x08018322       0xa0 ./Drivers/STM32F4xx_HAL_Driver/Src/stm32f4xx_hal_uart.o
 .text.UART_EndTransmit_IT
                0x080183c2       0x30 ./Drivers/STM32F4xx_HAL_Driver/Src/stm32f4xx_hal_uart.o
 .text.UART_Receive_IT
                0x080183f2      0x17c ./Drivers/STM32F4xx_HAL_Driver/Src/stm32f4xx_hal_uart.o
 *fill*         0x0801856e        0x2 
 .text.UART_SetConfig
                0x08018570      0x4e8 ./Drivers/STM32F4xx_HAL_Driver/Src/stm32f4xx_hal_uart.o
 .text.snprintf
                0x08018a58       0x6c D:/STMCUBEIDE/STM32CubeIDE_1.19.0/STM32CubeIDE/plugins/com.st.stm32cube.ide.mcu.externaltools.gnu-tools-for-stm32.13.3.rel1.win32_1.0.0.202411081344/tools/bin/../lib/gcc/arm-none-eabi/13.3.1/../../../../arm-none-eabi/lib/thumb/v7e-m+fp/hard\libc_nano.a(libc_a-snprintf.o)
                0x08018a58                sniprintf
                0x08018a58                snprintf
 .text.memset   0x08018ac4       0x10 D:/STMCUBEIDE/STM32CubeIDE_1.19.0/STM32CubeIDE/plugins/com.st.stm32cube.ide.mcu.externaltools.gnu-tools-for-stm32.13.3.rel1.win32_1.0.0.202411081344/tools/bin/../lib/gcc/arm-none-eabi/13.3.1/../../../../arm-none-eabi/lib/thumb/v7e-m+fp/hard\libc_nano.a(libc_a-memset.o)
                0x08018ac4                memset
 .text.__errno  0x08018ad4        0xc D:/STMCUBEIDE/STM32CubeIDE_1.19.0/STM32CubeIDE/plugins/com.st.stm32cube.ide.mcu.externaltools.gnu-tools-for-stm32.13.3.rel1.win32_1.0.0.202411081344/tools/bin/../lib/gcc/arm-none-eabi/13.3.1/../../../../arm-none-eabi/lib/thumb/v7e-m+fp/hard\libc_nano.a(libc_a-errno.o)
                0x08018ad4                __errno
 .text.__libc_init_array
                0x08018ae0       0x48 D:/STMCUBEIDE/STM32CubeIDE_1.19.0/STM32CubeIDE/plugins/com.st.stm32cube.ide.mcu.externaltools.gnu-tools-for-stm32.13.3.rel1.win32_1.0.0.202411081344/tools/bin/../lib/gcc/arm-none-eabi/13.3.1/../../../../arm-none-eabi/lib/thumb/v7e-m+fp/hard\libc_nano.a(libc_a-init.o)
                0x08018ae0                __libc_init_array
 .text.__retarget_lock_acquire_recursive
                0x08018b28        0x2 D:/STMCUBEIDE/STM32CubeIDE_1.19.0/STM32CubeIDE/plugins/com.st.stm32cube.ide.mcu.externaltools.gnu-tools-for-stm32.13.3.rel1.win32_1.0.0.202411081344/tools/bin/../lib/gcc/arm-none-eabi/13.3.1/../../../../arm-none-eabi/lib/thumb/v7e-m+fp/hard\libc_nano.a(libc_a-lock.o)
                0x08018b28                __retarget_lock_acquire_recursive
 .text.__retarget_lock_release_recursive
                0x08018b2a        0x2 D:/STMCUBEIDE/STM32CubeIDE_1.19.0/STM32CubeIDE/plugins/com.st.stm32cube.ide.mcu.externaltools.gnu-tools-for-stm32.13.3.rel1.win32_1.0.0.202411081344/tools/bin/../lib/gcc/arm-none-eabi/13.3.1/../../../../arm-none-eabi/lib/thumb/v7e-m+fp/hard\libc_nano.a(libc_a-lock.o)
                0x08018b2a                __retarget_lock_release_recursive
 .text._free_r  0x08018b2c       0x94 D:/STMCUBEIDE/STM32CubeIDE_1.19.0/STM32CubeIDE/plugins/com.st.stm32cube.ide.mcu.externaltools.gnu-tools-for-stm32.13.3.rel1.win32_1.0.0.202411081344/tools/bin/../lib/gcc/arm-none-eabi/13.3.1/../../../../arm-none-eabi/lib/thumb/v7e-m+fp/hard\libc_nano.a(libc_a-freer.o)
                0x08018b2c                _free_r
 .text.sbrk_aligned
                0x08018bc0       0x44 D:/STMCUBEIDE/STM32CubeIDE_1.19.0/STM32CubeIDE/plugins/com.st.stm32cube.ide.mcu.externaltools.gnu-tools-for-stm32.13.3.rel1.win32_1.0.0.202411081344/tools/bin/../lib/gcc/arm-none-eabi/13.3.1/../../../../arm-none-eabi/lib/thumb/v7e-m+fp/hard\libc_nano.a(libc_a-mallocr.o)
 .text._malloc_r
                0x08018c04      0x100 D:/STMCUBEIDE/STM32CubeIDE_1.19.0/STM32CubeIDE/plugins/com.st.stm32cube.ide.mcu.externaltools.gnu-tools-for-stm32.13.3.rel1.win32_1.0.0.202411081344/tools/bin/../lib/gcc/arm-none-eabi/13.3.1/../../../../arm-none-eabi/lib/thumb/v7e-m+fp/hard\libc_nano.a(libc_a-mallocr.o)
                0x08018c04                _malloc_r
 .text.__malloc_lock
                0x08018d04        0xc D:/STMCUBEIDE/STM32CubeIDE_1.19.0/STM32CubeIDE/plugins/com.st.stm32cube.ide.mcu.externaltools.gnu-tools-for-stm32.13.3.rel1.win32_1.0.0.202411081344/tools/bin/../lib/gcc/arm-none-eabi/13.3.1/../../../../arm-none-eabi/lib/thumb/v7e-m+fp/hard\libc_nano.a(libc_a-mlock.o)
                0x08018d04                __malloc_lock
 .text.__malloc_unlock
                0x08018d10        0xc D:/STMCUBEIDE/STM32CubeIDE_1.19.0/STM32CubeIDE/plugins/com.st.stm32cube.ide.mcu.externaltools.gnu-tools-for-stm32.13.3.rel1.win32_1.0.0.202411081344/tools/bin/../lib/gcc/arm-none-eabi/13.3.1/../../../../arm-none-eabi/lib/thumb/v7e-m+fp/hard\libc_nano.a(libc_a-mlock.o)
                0x08018d10                __malloc_unlock
 .text.__ssputs_r
                0x08018d1c       0xb6 D:/STMCUBEIDE/STM32CubeIDE_1.19.0/STM32CubeIDE/plugins/com.st.stm32cube.ide.mcu.externaltools.gnu-tools-for-stm32.13.3.rel1.win32_1.0.0.202411081344/tools/bin/../lib/gcc/arm-none-eabi/13.3.1/../../../../arm-none-eabi/lib/thumb/v7e-m+fp/hard\libc_nano.a(libc_a-nano-svfprintf.o)
                0x08018d1c                __ssputs_r
 *fill*         0x08018dd2        0x2 
 .text._svfprintf_r
                0x08018dd4      0x1f8 D:/STMCUBEIDE/STM32CubeIDE_1.19.0/STM32CubeIDE/plugins/com.st.stm32cube.ide.mcu.externaltools.gnu-tools-for-stm32.13.3.rel1.win32_1.0.0.202411081344/tools/bin/../lib/gcc/arm-none-eabi/13.3.1/../../../../arm-none-eabi/lib/thumb/v7e-m+fp/hard\libc_nano.a(libc_a-nano-svfprintf.o)
                0x08018dd4                _svfiprintf_r
                0x08018dd4                _svfprintf_r
 .text._printf_common
                0x08018fcc       0xda D:/STMCUBEIDE/STM32CubeIDE_1.19.0/STM32CubeIDE/plugins/com.st.stm32cube.ide.mcu.externaltools.gnu-tools-for-stm32.13.3.rel1.win32_1.0.0.202411081344/tools/bin/../lib/gcc/arm-none-eabi/13.3.1/../../../../arm-none-eabi/lib/thumb/v7e-m+fp/hard\libc_nano.a(libc_a-nano-vfprintf_i.o)
                0x08018fcc                _printf_common
 *fill*         0x080190a6        0x2 
 .text._printf_i
                0x080190a8      0x23c D:/STMCUBEIDE/STM32CubeIDE_1.19.0/STM32CubeIDE/plugins/com.st.stm32cube.ide.mcu.externaltools.gnu-tools-for-stm32.13.3.rel1.win32_1.0.0.202411081344/tools/bin/../lib/gcc/arm-none-eabi/13.3.1/../../../../arm-none-eabi/lib/thumb/v7e-m+fp/hard\libc_nano.a(libc_a-nano-vfprintf_i.o)
                0x080190a8                _printf_i
 .text.memmove  0x080192e4       0x34 D:/STMCUBEIDE/STM32CubeIDE_1.19.0/STM32CubeIDE/plugins/com.st.stm32cube.ide.mcu.externaltools.gnu-tools-for-stm32.13.3.rel1.win32_1.0.0.202411081344/tools/bin/../lib/gcc/arm-none-eabi/13.3.1/../../../../arm-none-eabi/lib/thumb/v7e-m+fp/hard\libc_nano.a(libc_a-memmove.o)
                0x080192e4                memmove
 .text._sbrk_r  0x08019318       0x20 D:/STMCUBEIDE/STM32CubeIDE_1.19.0/STM32CubeIDE/plugins/com.st.stm32cube.ide.mcu.externaltools.gnu-tools-for-stm32.13.3.rel1.win32_1.0.0.202411081344/tools/bin/../lib/gcc/arm-none-eabi/13.3.1/../../../../arm-none-eabi/lib/thumb/v7e-m+fp/hard\libc_nano.a(libc_a-sbrkr.o)
                0x08019318                _sbrk_r
 .text.memcpy   0x08019338       0x1c D:/STMCUBEIDE/STM32CubeIDE_1.19.0/STM32CubeIDE/plugins/com.st.stm32cube.ide.mcu.externaltools.gnu-tools-for-stm32.13.3.rel1.win32_1.0.0.202411081344/tools/bin/../lib/gcc/arm-none-eabi/13.3.1/../../../../arm-none-eabi/lib/thumb/v7e-m+fp/hard\libc_nano.a(libc_a-memcpy-stub.o)
                0x08019338                memcpy
 .text._realloc_r
                0x08019354       0x5c D:/STMCUBEIDE/STM32CubeIDE_1.19.0/STM32CubeIDE/plugins/com.st.stm32cube.ide.mcu.externaltools.gnu-tools-for-stm32.13.3.rel1.win32_1.0.0.202411081344/tools/bin/../lib/gcc/arm-none-eabi/13.3.1/../../../../arm-none-eabi/lib/thumb/v7e-m+fp/hard\libc_nano.a(libc_a-reallocr.o)
                0x08019354                _realloc_r
 .text._malloc_usable_size_r
                0x080193b0       0x10 D:/STMCUBEIDE/STM32CubeIDE_1.19.0/STM32CubeIDE/plugins/com.st.stm32cube.ide.mcu.externaltools.gnu-tools-for-stm32.13.3.rel1.win32_1.0.0.202411081344/tools/bin/../lib/gcc/arm-none-eabi/13.3.1/../../../../arm-none-eabi/lib/thumb/v7e-m+fp/hard\libc_nano.a(libc_a-msizer.o)
                0x080193b0                _malloc_usable_size_r
 *(.glue_7)
 .glue_7        0x080193c0        0x0 linker stubs
 *(.glue_7t)
 .glue_7t       0x080193c0        0x0 linker stubs
 *(.eh_frame)
 .eh_frame      0x080193c0        0x0 D:/STMCUBEIDE/STM32CubeIDE_1.19.0/STM32CubeIDE/plugins/com.st.stm32cube.ide.mcu.externaltools.gnu-tools-for-stm32.13.3.rel1.win32_1.0.0.202411081344/tools/bin/../lib/gcc/arm-none-eabi/13.3.1/thumb/v7e-m+fp/hard/crtbegin.o
 *(.init)
 .init          0x080193c0        0x4 D:/STMCUBEIDE/STM32CubeIDE_1.19.0/STM32CubeIDE/plugins/com.st.stm32cube.ide.mcu.externaltools.gnu-tools-for-stm32.13.3.rel1.win32_1.0.0.202411081344/tools/bin/../lib/gcc/arm-none-eabi/13.3.1/thumb/v7e-m+fp/hard/crti.o
                0x080193c0                _init
 .init          0x080193c4        0x8 D:/STMCUBEIDE/STM32CubeIDE_1.19.0/STM32CubeIDE/plugins/com.st.stm32cube.ide.mcu.externaltools.gnu-tools-for-stm32.13.3.rel1.win32_1.0.0.202411081344/tools/bin/../lib/gcc/arm-none-eabi/13.3.1/thumb/v7e-m+fp/hard/crtn.o
 *(.fini)
 .fini          0x080193cc        0x4 D:/STMCUBEIDE/STM32CubeIDE_1.19.0/STM32CubeIDE/plugins/com.st.stm32cube.ide.mcu.externaltools.gnu-tools-for-stm32.13.3.rel1.win32_1.0.0.202411081344/tools/bin/../lib/gcc/arm-none-eabi/13.3.1/thumb/v7e-m+fp/hard/crti.o
                0x080193cc                _fini
 .fini          0x080193d0        0x8 D:/STMCUBEIDE/STM32CubeIDE_1.19.0/STM32CubeIDE/plugins/com.st.stm32cube.ide.mcu.externaltools.gnu-tools-for-stm32.13.3.rel1.win32_1.0.0.202411081344/tools/bin/../lib/gcc/arm-none-eabi/13.3.1/thumb/v7e-m+fp/hard/crtn.o
                0x080193d8                        . = ALIGN (0x4)
                0x080193d8                        _etext = .

.vfp11_veneer   0x080193d8        0x0
 .vfp11_veneer  0x080193d8        0x0 linker stubs

.v4_bx          0x080193d8        0x0
 .v4_bx         0x080193d8        0x0 linker stubs

.iplt           0x080193d8        0x0
 .iplt          0x080193d8        0x0 D:/STMCUBEIDE/STM32CubeIDE_1.19.0/STM32CubeIDE/plugins/com.st.stm32cube.ide.mcu.externaltools.gnu-tools-for-stm32.13.3.rel1.win32_1.0.0.202411081344/tools/bin/../lib/gcc/arm-none-eabi/13.3.1/thumb/v7e-m+fp/hard/crtbegin.o

.rodata         0x080193d8      0x42c
                0x080193d8                        . = ALIGN (0x4)
 *(.rodata)
 .rodata        0x080193d8      0x37e ./Core/Src/diagnostic.o
 *fill*         0x08019756        0x2 
 .rodata        0x08019758       0x23 ./Core/Src/firmware.o
 *fill*         0x0801977b        0x1 
 .rodata        0x0801977c       0x10 ./Core/Src/main.o
 .rodata        0x0801978c       0x2c ./Core/Src/state_machine.o
 *(.rodata*)
 .rodata.AHBPrescTable
                0x080197b8       0x10 ./Core/Src/system_stm32f4xx.o
                0x080197b8                AHBPrescTable
 .rodata.APBPrescTable
                0x080197c8        0x8 ./Core/Src/system_stm32f4xx.o
                0x080197c8                APBPrescTable
 .rodata._svfprintf_r.str1.1
                0x080197d0       0x33 D:/STMCUBEIDE/STM32CubeIDE_1.19.0/STM32CubeIDE/plugins/com.st.stm32cube.ide.mcu.externaltools.gnu-tools-for-stm32.13.3.rel1.win32_1.0.0.202411081344/tools/bin/../lib/gcc/arm-none-eabi/13.3.1/../../../../arm-none-eabi/lib/thumb/v7e-m+fp/hard\libc_nano.a(libc_a-nano-svfprintf.o)
                                 0x11 (size before relaxing)
 .rodata._printf_i.str1.1
                0x08019803       0x22 D:/STMCUBEIDE/STM32CubeIDE_1.19.0/STM32CubeIDE/plugins/com.st.stm32cube.ide.mcu.externaltools.gnu-tools-for-stm32.13.3.rel1.win32_1.0.0.202411081344/tools/bin/../lib/gcc/arm-none-eabi/13.3.1/../../../../arm-none-eabi/lib/thumb/v7e-m+fp/hard\libc_nano.a(libc_a-nano-vfprintf_i.o)
                0x08019828                        . = ALIGN (0x4)
 *fill*         0x08019803        0x1 

.ARM.extab      0x08019804        0x0
                0x08019804                        . = ALIGN (0x4)
 *(.ARM.extab* .gnu.linkonce.armextab.*)
                0x08019804                        . = ALIGN (0x4)

.ARM            0x08019804        0x8
                0x08019804                        . = ALIGN (0x4)
                0x08019804                        __exidx_start = .
 *(.ARM.exidx*)
 .ARM.exidx     0x08019804        0x8 D:/STMCUBEIDE/STM32CubeIDE_1.19.0/STM32CubeIDE/plugins/com.st.stm32cube.ide.mcu.externaltools.gnu-tools-for-stm32.13.3.rel1.win32_1.0.0.202411081344/tools/bin/../lib/gcc/arm-none-eabi/13.3.1/../../../../arm-none-eabi/lib/thumb/v7e-m+fp/hard\libc_nano.a(libc_a-strcmp.o)
 .ARM.exidx     0x0801980c        0x0 D:/STMCUBEIDE/STM32CubeIDE_1.19.0/STM32CubeIDE/plugins/com.st.stm32cube.ide.mcu.externaltools.gnu-tools-for-stm32.13.3.rel1.win32_1.0.0.202411081344/tools/bin/../lib/gcc/arm-none-eabi/13.3.1/../../../../arm-none-eabi/lib/thumb/v7e-m+fp/hard\libc_nano.a(libc_a-strlen.o)
                                  0x8 (size before relaxing)
 .ARM.exidx     0x0801980c        0x0 D:/STMCUBEIDE/STM32CubeIDE_1.19.0/STM32CubeIDE/plugins/com.st.stm32cube.ide.mcu.externaltools.gnu-tools-for-stm32.13.3.rel1.win32_1.0.0.202411081344/tools/bin/../lib/gcc/arm-none-eabi/13.3.1/../../../../arm-none-eabi/lib/thumb/v7e-m+fp/hard\libc_nano.a(libc_a-memchr.o)
                                  0x8 (size before relaxing)
 .ARM.exidx     0x0801980c        0x0 D:/STMCUBEIDE/STM32CubeIDE_1.19.0/STM32CubeIDE/plugins/com.st.stm32cube.ide.mcu.externaltools.gnu-tools-for-stm32.13.3.rel1.win32_1.0.0.202411081344/tools/bin/../lib/gcc/arm-none-eabi/13.3.1/thumb/v7e-m+fp/hard\libgcc.a(_udivmoddi4.o)
                                  0x8 (size before relaxing)
                0x0801980c                        __exidx_end = .
                0x0801980c                        . = ALIGN (0x4)

.preinit_array  0x0801980c        0x0
                0x0801980c                        . = ALIGN (0x4)
                0x0801980c                        PROVIDE (__preinit_array_start = .)
 *(.preinit_array*)
                0x0801980c                        PROVIDE (__preinit_array_end = .)
                0x0801980c                        . = ALIGN (0x4)

.init_array     0x0801980c        0x4
                0x0801980c                        . = ALIGN (0x4)
                0x0801980c                        PROVIDE (__init_array_start = .)
 *(SORT_BY_NAME(.init_array.*))
 *(.init_array*)
 .init_array    0x0801980c        0x4 D:/STMCUBEIDE/STM32CubeIDE_1.19.0/STM32CubeIDE/plugins/com.st.stm32cube.ide.mcu.externaltools.gnu-tools-for-stm32.13.3.rel1.win32_1.0.0.202411081344/tools/bin/../lib/gcc/arm-none-eabi/13.3.1/thumb/v7e-m+fp/hard/crtbegin.o
                0x08019810                        PROVIDE (__init_array_end = .)
                0x08019810                        . = ALIGN (0x4)

.fini_array     0x08019810        0x4
                0x08019810                        . = ALIGN (0x4)
                [!provide]                        PROVIDE (__fini_array_start = .)
 *(SORT_BY_NAME(.fini_array.*))
 *(.fini_array*)
 .fini_array    0x08019810        0x4 D:/STMCUBEIDE/STM32CubeIDE_1.19.0/STM32CubeIDE/plugins/com.st.stm32cube.ide.mcu.externaltools.gnu-tools-for-stm32.13.3.rel1.win32_1.0.0.202411081344/tools/bin/../lib/gcc/arm-none-eabi/13.3.1/thumb/v7e-m+fp/hard/crtbegin.o
                [!provide]                        PROVIDE (__fini_array_end = .)
                0x08019814                        . = ALIGN (0x4)
                0x08019814                        _sidata = LOADADDR (.data)

.rel.dyn        0x08019814        0x0
 .rel.iplt      0x08019814        0x0 D:/STMCUBEIDE/STM32CubeIDE_1.19.0/STM32CubeIDE/plugins/com.st.stm32cube.ide.mcu.externaltools.gnu-tools-for-stm32.13.3.rel1.win32_1.0.0.202411081344/tools/bin/../lib/gcc/arm-none-eabi/13.3.1/thumb/v7e-m+fp/hard/crtbegin.o

.data           0x20000000       0x5c load address 0x08019814
                0x20000000                        . = ALIGN (0x4)
                0x20000000                        _sdata = .
 *(.data)
 *(.data*)
 .data.SystemCoreClock
                0x20000000        0x4 ./Core/Src/system_stm32f4xx.o
                0x20000000                SystemCoreClock
 .data.uwTickPrio
                0x20000004        0x4 ./Drivers/STM32F4xx_HAL_Driver/Src/stm32f4xx_hal.o
                0x20000004                uwTickPrio
 .data.uwTickFreq
                0x20000008        0x1 ./Drivers/STM32F4xx_HAL_Driver/Src/stm32f4xx_hal.o
                0x20000008                uwTickFreq
 *fill*         0x20000009        0x3 
 .data._impure_ptr
                0x2000000c        0x4 D:/STMCUBEIDE/STM32CubeIDE_1.19.0/STM32CubeIDE/plugins/com.st.stm32cube.ide.mcu.externaltools.gnu-tools-for-stm32.13.3.rel1.win32_1.0.0.202411081344/tools/bin/../lib/gcc/arm-none-eabi/13.3.1/../../../../arm-none-eabi/lib/thumb/v7e-m+fp/hard\libc_nano.a(libc_a-impure.o)
                0x2000000c                _impure_ptr
 .data._impure_data
                0x20000010       0x4c D:/STMCUBEIDE/STM32CubeIDE_1.19.0/STM32CubeIDE/plugins/com.st.stm32cube.ide.mcu.externaltools.gnu-tools-for-stm32.13.3.rel1.win32_1.0.0.202411081344/tools/bin/../lib/gcc/arm-none-eabi/13.3.1/../../../../arm-none-eabi/lib/thumb/v7e-m+fp/hard\libc_nano.a(libc_a-impure.o)
                0x20000010                _impure_data
 *(.RamFunc)
 *(.RamFunc*)
                0x2000005c                        . = ALIGN (0x4)
                0x2000005c                        _edata = .

.igot.plt       0x2000005c        0x0 load address 0x08019870
 .igot.plt      0x2000005c        0x0 D:/STMCUBEIDE/STM32CubeIDE_1.19.0/STM32CubeIDE/plugins/com.st.stm32cube.ide.mcu.externaltools.gnu-tools-for-stm32.13.3.rel1.win32_1.0.0.202411081344/tools/bin/../lib/gcc/arm-none-eabi/13.3.1/thumb/v7e-m+fp/hard/crtbegin.o
                0x2000005c                        . = ALIGN (0x4)

.bss            0x2000005c      0x30c load address 0x08019870
                0x2000005c                        _sbss = .
                0x2000005c                        __bss_start__ = _sbss
 *(.bss)
 .bss           0x2000005c       0x1c D:/STMCUBEIDE/STM32CubeIDE_1.19.0/STM32CubeIDE/plugins/com.st.stm32cube.ide.mcu.externaltools.gnu-tools-for-stm32.13.3.rel1.win32_1.0.0.202411081344/tools/bin/../lib/gcc/arm-none-eabi/13.3.1/thumb/v7e-m+fp/hard/crtbegin.o
 *(.bss*)
 .bss.calib     0x20000078       0x18 ./Core/Src/BMP280.o
 .bss.rx_byte   0x20000090        0x1 ./Core/Src/diagnostic.o
 *fill*         0x20000091        0x3 
 .bss.rx_buf    0x20000094       0x20 ./Core/Src/diagnostic.o
 .bss.rx_index  0x200000b4        0x1 ./Core/Src/diagnostic.o
 .bss.cmd_ready
                0x200000b5        0x1 ./Core/Src/diagnostic.o
 .bss.ignore_next_lf
                0x200000b6        0x1 ./Core/Src/diagnostic.o
 *fill*         0x200000b7        0x1 
 .bss.sht31_data
                0x200000b8        0xc ./Core/Src/firmware.o
                0x200000b8                sht31_data
 .bss.bmp280_data
                0x200000c4        0xc ./Core/Src/firmware.o
                0x200000c4                bmp280_data
 .bss.sys_ctx   0x200000d0        0x8 ./Core/Src/firmware.o
                0x200000d0                sys_ctx
 .bss.timer_tick
                0x200000d8        0x1 ./Core/Src/firmware.o
                0x200000d8                timer_tick
 *fill*         0x200000d9        0x3 
 .bss.hi2c1     0x200000dc       0x54 ./Core/Src/i2c.o
                0x200000dc                hi2c1
 .bss.hspi1     0x20000130       0x58 ./Core/Src/spi.o
                0x20000130                hspi1
 .bss.__sbrk_heap_end
                0x20000188        0x4 ./Core/Src/sysmem.o
 .bss.htim2     0x2000018c       0x48 ./Core/Src/tim.o
                0x2000018c                htim2
 .bss.huart2    0x200001d4       0x48 ./Core/Src/usart.o
                0x200001d4                huart2
 .bss.uwTick    0x2000021c        0x4 ./Drivers/STM32F4xx_HAL_Driver/Src/stm32f4xx_hal.o
                0x2000021c                uwTick
 .bss.__sf      0x20000220      0x138 D:/STMCUBEIDE/STM32CubeIDE_1.19.0/STM32CubeIDE/plugins/com.st.stm32cube.ide.mcu.externaltools.gnu-tools-for-stm32.13.3.rel1.win32_1.0.0.202411081344/tools/bin/../lib/gcc/arm-none-eabi/13.3.1/../../../../arm-none-eabi/lib/thumb/v7e-m+fp/hard\libc_nano.a(libc_a-findfp.o)
                0x20000220                __sf
 .bss.errno     0x20000358        0x4 D:/STMCUBEIDE/STM32CubeIDE_1.19.0/STM32CubeIDE/plugins/com.st.stm32cube.ide.mcu.externaltools.gnu-tools-for-stm32.13.3.rel1.win32_1.0.0.202411081344/tools/bin/../lib/gcc/arm-none-eabi/13.3.1/../../../../arm-none-eabi/lib/thumb/v7e-m+fp/hard\libc_nano.a(libc_a-reent.o)
                0x20000358                errno
 .bss.__lock___malloc_recursive_mutex
                0x2000035c        0x1 D:/STMCUBEIDE/STM32CubeIDE_1.19.0/STM32CubeIDE/plugins/com.st.stm32cube.ide.mcu.externaltools.gnu-tools-for-stm32.13.3.rel1.win32_1.0.0.202411081344/tools/bin/../lib/gcc/arm-none-eabi/13.3.1/../../../../arm-none-eabi/lib/thumb/v7e-m+fp/hard\libc_nano.a(libc_a-lock.o)
                0x2000035c                __lock___malloc_recursive_mutex
 *fill*         0x2000035d        0x3 
 .bss.__malloc_sbrk_start
                0x20000360        0x4 D:/STMCUBEIDE/STM32CubeIDE_1.19.0/STM32CubeIDE/plugins/com.st.stm32cube.ide.mcu.externaltools.gnu-tools-for-stm32.13.3.rel1.win32_1.0.0.202411081344/tools/bin/../lib/gcc/arm-none-eabi/13.3.1/../../../../arm-none-eabi/lib/thumb/v7e-m+fp/hard\libc_nano.a(libc_a-mallocr.o)
                0x20000360                __malloc_sbrk_start
 .bss.__malloc_free_list
                0x20000364        0x4 D:/STMCUBEIDE/STM32CubeIDE_1.19.0/STM32CubeIDE/plugins/com.st.stm32cube.ide.mcu.externaltools.gnu-tools-for-stm32.13.3.rel1.win32_1.0.0.202411081344/tools/bin/../lib/gcc/arm-none-eabi/13.3.1/../../../../arm-none-eabi/lib/thumb/v7e-m+fp/hard\libc_nano.a(libc_a-mallocr.o)
                0x20000364                __malloc_free_list
 *(COMMON)
                0x20000368                        . = ALIGN (0x4)
                0x20000368                        _ebss = .
                0x20000368                        __bss_end__ = _ebss

._user_heap_stack
                0x20000368      0x600 load address 0x08019870
                0x20000368                        . = ALIGN (0x8)
                [!provide]                        PROVIDE (end = .)
                0x20000368                        PROVIDE (_end = .)
                0x20000568                        . = (. + _Min_Heap_Size)
 *fill*         0x20000368      0x200 
                0x20000968                        . = (. + _Min_Stack_Size)
 *fill*         0x20000568      0x400 
                0x20000968                        . = ALIGN (0x8)

/DISCARD/
 libc.a(*)
 libm.a(*)
 libgcc.a(*)

.ARM.attributes
                0x00000000       0x30
 *(.ARM.attributes)
 .ARM.attributes
                0x00000000       0x22 D:/STMCUBEIDE/STM32CubeIDE_1.19.0/STM32CubeIDE/plugins/com.st.stm32cube.ide.mcu.externaltools.gnu-tools-for-stm32.13.3.rel1.win32_1.0.0.202411081344/tools/bin/../lib/gcc/arm-none-eabi/13.3.1/thumb/v7e-m+fp/hard/crti.o
 .ARM.attributes
                0x00000022       0x34 D:/STMCUBEIDE/STM32CubeIDE_1.19.0/STM32CubeIDE/plugins/com.st.stm32cube.ide.mcu.externaltools.gnu-tools-for-stm32.13.3.rel1.win32_1.0.0.202411081344/tools/bin/../lib/gcc/arm-none-eabi/13.3.1/thumb/v7e-m+fp/hard/crtbegin.o
 .ARM.attributes
                0x00000056       0x34 ./Core/Src/BMP280.o
 .ARM.attributes
                0x0000008a       0x34 ./Core/Src/diagnostic.o
 .ARM.attributes
                0x000000be       0x34 ./Core/Src/firmware.o
 .ARM.attributes
                0x000000f2       0x34 ./Core/Src/gpio.o
 .ARM.attributes
                0x00000126       0x34 ./Core/Src/i2c.o
 .ARM.attributes
                0x0000015a       0x34 ./Core/Src/main.o
 .ARM.attributes
                0x0000018e       0x34 ./Core/Src/sht31.o
 .ARM.attributes
                0x000001c2       0x34 ./Core/Src/spi.o
 .ARM.attributes
                0x000001f6       0x34 ./Core/Src/state_machine.o
 .ARM.attributes
                0x0000022a       0x34 ./Core/Src/stm32f4xx_hal_msp.o
 .ARM.attributes
                0x0000025e       0x34 ./Core/Src/stm32f4xx_it.o
 .ARM.attributes
                0x00000292       0x34 ./Core/Src/sysmem.o
 .ARM.attributes
                0x000002c6       0x34 ./Core/Src/system_stm32f4xx.o
 .ARM.attributes
                0x000002fa       0x34 ./Core/Src/tim.o
 .ARM.attributes
                0x0000032e       0x34 ./Core/Src/usart.o
 .ARM.attributes
                0x00000362       0x21 ./Core/Startup/startup_stm32f446retx.o
 .ARM.attributes
                0x00000383       0x34 ./Drivers/STM32F4xx_HAL_Driver/Src/stm32f4xx_hal.o
 .ARM.attributes
                0x000003b7       0x34 ./Drivers/STM32F4xx_HAL_Driver/Src/stm32f4xx_hal_cortex.o
 .ARM.attributes
                0x000003eb       0x34 ./Drivers/STM32F4xx_HAL_Driver/Src/stm32f4xx_hal_dma.o
 .ARM.attributes
                0x0000041f       0x34 ./Drivers/STM32F4xx_HAL_Driver/Src/stm32f4xx_hal_gpio.o
 .ARM.attributes
                0x00000453       0x34 ./Drivers/STM32F4xx_HAL_Driver/Src/stm32f4xx_hal_i2c.o
 .ARM.attributes
                0x00000487       0x34 ./Drivers/STM32F4xx_HAL_Driver/Src/stm32f4xx_hal_pwr_ex.o
 .ARM.attributes
                0x000004bb       0x34 ./Drivers/STM32F4xx_HAL_Driver/Src/stm32f4xx_hal_rcc.o
 .ARM.attributes
                0x000004ef       0x34 ./Drivers/STM32F4xx_HAL_Driver/Src/stm32f4xx_hal_rcc_ex.o
 .ARM.attributes
                0x00000523       0x34 ./Drivers/STM32F4xx_HAL_Driver/Src/stm32f4xx_hal_spi.o
 .ARM.attributes
                0x00000557       0x34 ./Drivers/STM32F4xx_HAL_Driver/Src/stm32f4xx_hal_tim.o
 .ARM.attributes
                0x0000058b       0x34 ./Drivers/STM32F4xx_HAL_Driver/Src/stm32f4xx_hal_tim_ex.o
 .ARM.attributes
                0x000005bf       0x34 ./Drivers/STM32F4xx_HAL_Driver/Src/stm32f4xx_hal_uart.o
 .ARM.attributes
                0x000005f3       0x34 D:/STMCUBEIDE/STM32CubeIDE_1.19.0/STM32CubeIDE/plugins/com.st.stm32cube.ide.mcu.externaltools.gnu-tools-for-stm32.13.3.rel1.win32_1.0.0.202411081344/tools/bin/../lib/gcc/arm-none-eabi/13.3.1/../../../../arm-none-eabi/lib/thumb/v7e-m+fp/hard\libc_nano.a(libc_a-findfp.o)
 .ARM.attributes
                0x00000627       0x34 D:/STMCUBEIDE/STM32CubeIDE_1.19.0/STM32CubeIDE/plugins/com.st.stm32cube.ide.mcu.externaltools.gnu-tools-for-stm32.13.3.rel1.win32_1.0.0.202411081344/tools/bin/../lib/gcc/arm-none-eabi/13.3.1/../../../../arm-none-eabi/lib/thumb/v7e-m+fp/hard\libc_nano.a(libc_a-snprintf.o)
 .ARM.attributes
                0x0000065b       0x34 D:/STMCUBEIDE/STM32CubeIDE_1.19.0/STM32CubeIDE/plugins/com.st.stm32cube.ide.mcu.externaltools.gnu-tools-for-stm32.13.3.rel1.win32_1.0.0.202411081344/tools/bin/../lib/gcc/arm-none-eabi/13.3.1/../../../../arm-none-eabi/lib/thumb/v7e-m+fp/hard\libc_nano.a(libc_a-memset.o)
 .ARM.attributes
                0x0000068f       0x34 D:/STMCUBEIDE/STM32CubeIDE_1.19.0/STM32CubeIDE/plugins/com.st.stm32cube.ide.mcu.externaltools.gnu-tools-for-stm32.13.3.rel1.win32_1.0.0.202411081344/tools/bin/../lib/gcc/arm-none-eabi/13.3.1/../../../../arm-none-eabi/lib/thumb/v7e-m+fp/hard\libc_nano.a(libc_a-reent.o)
 .ARM.attributes
                0x000006c3       0x34 D:/STMCUBEIDE/STM32CubeIDE_1.19.0/STM32CubeIDE/plugins/com.st.stm32cube.ide.mcu.externaltools.gnu-tools-for-stm32.13.3.rel1.win32_1.0.0.202411081344/tools/bin/../lib/gcc/arm-none-eabi/13.3.1/../../../../arm-none-eabi/lib/thumb/v7e-m+fp/hard\libc_nano.a(libc_a-impure.o)
 .ARM.attributes
                0x000006f7       0x34 D:/STMCUBEIDE/STM32CubeIDE_1.19.0/STM32CubeIDE/plugins/com.st.stm32cube.ide.mcu.externaltools.gnu-tools-for-stm32.13.3.rel1.win32_1.0.0.202411081344/tools/bin/../lib/gcc/arm-none-eabi/13.3.1/../../../../arm-none-eabi/lib/thumb/v7e-m+fp/hard\libc_nano.a(libc_a-errno.o)
 .ARM.attributes
                0x0000072b       0x34 D:/STMCUBEIDE/STM32CubeIDE_1.19.0/STM32CubeIDE/plugins/com.st.stm32cube.ide.mcu.externaltools.gnu-tools-for-stm32.13.3.rel1.win32_1.0.0.202411081344/tools/bin/../lib/gcc/arm-none-eabi/13.3.1/../../../../arm-none-eabi/lib/thumb/v7e-m+fp/hard\libc_nano.a(libc_a-init.o)
 .ARM.attributes
                0x0000075f       0x34 D:/STMCUBEIDE/STM32CubeIDE_1.19.0/STM32CubeIDE/plugins/com.st.stm32cube.ide.mcu.externaltools.gnu-tools-for-stm32.13.3.rel1.win32_1.0.0.202411081344/tools/bin/../lib/gcc/arm-none-eabi/13.3.1/../../../../arm-none-eabi/lib/thumb/v7e-m+fp/hard\libc_nano.a(libc_a-lock.o)
 .ARM.attributes
                0x00000793       0x20 D:/STMCUBEIDE/STM32CubeIDE_1.19.0/STM32CubeIDE/plugins/com.st.stm32cube.ide.mcu.externaltools.gnu-tools-for-stm32.13.3.rel1.win32_1.0.0.202411081344/tools/bin/../lib/gcc/arm-none-eabi/13.3.1/../../../../arm-none-eabi/lib/thumb/v7e-m+fp/hard\libc_nano.a(libc_a-strcmp.o)
 .ARM.attributes
                0x000007b3       0x17 D:/STMCUBEIDE/STM32CubeIDE_1.19.0/STM32CubeIDE/plugins/com.st.stm32cube.ide.mcu.externaltools.gnu-tools-for-stm32.13.3.rel1.win32_1.0.0.202411081344/tools/bin/../lib/gcc/arm-none-eabi/13.3.1/../../../../arm-none-eabi/lib/thumb/v7e-m+fp/hard\libc_nano.a(libc_a-strlen.o)
 .ARM.attributes
                0x000007ca       0x34 D:/STMCUBEIDE/STM32CubeIDE_1.19.0/STM32CubeIDE/plugins/com.st.stm32cube.ide.mcu.externaltools.gnu-tools-for-stm32.13.3.rel1.win32_1.0.0.202411081344/tools/bin/../lib/gcc/arm-none-eabi/13.3.1/../../../../arm-none-eabi/lib/thumb/v7e-m+fp/hard\libc_nano.a(libc_a-freer.o)
 .ARM.attributes
                0x000007fe       0x34 D:/STMCUBEIDE/STM32CubeIDE_1.19.0/STM32CubeIDE/plugins/com.st.stm32cube.ide.mcu.externaltools.gnu-tools-for-stm32.13.3.rel1.win32_1.0.0.202411081344/tools/bin/../lib/gcc/arm-none-eabi/13.3.1/../../../../arm-none-eabi/lib/thumb/v7e-m+fp/hard\libc_nano.a(libc_a-mallocr.o)
 .ARM.attributes
                0x00000832       0x34 D:/STMCUBEIDE/STM32CubeIDE_1.19.0/STM32CubeIDE/plugins/com.st.stm32cube.ide.mcu.externaltools.gnu-tools-for-stm32.13.3.rel1.win32_1.0.0.202411081344/tools/bin/../lib/gcc/arm-none-eabi/13.3.1/../../../../arm-none-eabi/lib/thumb/v7e-m+fp/hard\libc_nano.a(libc_a-mlock.o)
 .ARM.attributes
                0x00000866       0x34 D:/STMCUBEIDE/STM32CubeIDE_1.19.0/STM32CubeIDE/plugins/com.st.stm32cube.ide.mcu.externaltools.gnu-tools-for-stm32.13.3.rel1.win32_1.0.0.202411081344/tools/bin/../lib/gcc/arm-none-eabi/13.3.1/../../../../arm-none-eabi/lib/thumb/v7e-m+fp/hard\libc_nano.a(libc_a-nano-svfprintf.o)
 .ARM.attributes
                0x0000089a       0x34 D:/STMCUBEIDE/STM32CubeIDE_1.19.0/STM32CubeIDE/plugins/com.st.stm32cube.ide.mcu.externaltools.gnu-tools-for-stm32.13.3.rel1.win32_1.0.0.202411081344/tools/bin/../lib/gcc/arm-none-eabi/13.3.1/../../../../arm-none-eabi/lib/thumb/v7e-m+fp/hard\libc_nano.a(libc_a-nano-vfprintf_i.o)
 .ARM.attributes
                0x000008ce       0x34 D:/STMCUBEIDE/STM32CubeIDE_1.19.0/STM32CubeIDE/plugins/com.st.stm32cube.ide.mcu.externaltools.gnu-tools-for-stm32.13.3.rel1.win32_1.0.0.202411081344/tools/bin/../lib/gcc/arm-none-eabi/13.3.1/../../../../arm-none-eabi/lib/thumb/v7e-m+fp/hard\libc_nano.a(libc_a-memmove.o)
 .ARM.attributes
                0x00000902       0x34 D:/STMCUBEIDE/STM32CubeIDE_1.19.0/STM32CubeIDE/plugins/com.st.stm32cube.ide.mcu.externaltools.gnu-tools-for-stm32.13.3.rel1.win32_1.0.0.202411081344/tools/bin/../lib/gcc/arm-none-eabi/13.3.1/../../../../arm-none-eabi/lib/thumb/v7e-m+fp/hard\libc_nano.a(libc_a-sbrkr.o)
 .ARM.attributes
                0x00000936       0x1c D:/STMCUBEIDE/STM32CubeIDE_1.19.0/STM32CubeIDE/plugins/com.st.stm32cube.ide.mcu.externaltools.gnu-tools-for-stm32.13.3.rel1.win32_1.0.0.202411081344/tools/bin/../lib/gcc/arm-none-eabi/13.3.1/../../../../arm-none-eabi/lib/thumb/v7e-m+fp/hard\libc_nano.a(libc_a-memchr.o)
 .ARM.attributes
                0x00000952       0x34 D:/STMCUBEIDE/STM32CubeIDE_1.19.0/STM32CubeIDE/plugins/com.st.stm32cube.ide.mcu.externaltools.gnu-tools-for-stm32.13.3.rel1.win32_1.0.0.202411081344/tools/bin/../lib/gcc/arm-none-eabi/13.3.1/../../../../arm-none-eabi/lib/thumb/v7e-m+fp/hard\libc_nano.a(libc_a-memcpy-stub.o)
 .ARM.attributes
                0x00000986       0x34 D:/STMCUBEIDE/STM32CubeIDE_1.19.0/STM32CubeIDE/plugins/com.st.stm32cube.ide.mcu.externaltools.gnu-tools-for-stm32.13.3.rel1.win32_1.0.0.202411081344/tools/bin/../lib/gcc/arm-none-eabi/13.3.1/../../../../arm-none-eabi/lib/thumb/v7e-m+fp/hard\libc_nano.a(libc_a-reallocr.o)
 .ARM.attributes
                0x000009ba       0x34 D:/STMCUBEIDE/STM32CubeIDE_1.19.0/STM32CubeIDE/plugins/com.st.stm32cube.ide.mcu.externaltools.gnu-tools-for-stm32.13.3.rel1.win32_1.0.0.202411081344/tools/bin/../lib/gcc/arm-none-eabi/13.3.1/../../../../arm-none-eabi/lib/thumb/v7e-m+fp/hard\libc_nano.a(libc_a-msizer.o)
 .ARM.attributes
                0x000009ee       0x22 D:/STMCUBEIDE/STM32CubeIDE_1.19.0/STM32CubeIDE/plugins/com.st.stm32cube.ide.mcu.externaltools.gnu-tools-for-stm32.13.3.rel1.win32_1.0.0.202411081344/tools/bin/../lib/gcc/arm-none-eabi/13.3.1/thumb/v7e-m+fp/hard\libgcc.a(_arm_addsubsf3.o)
 .ARM.attributes
                0x00000a10       0x22 D:/STMCUBEIDE/STM32CubeIDE_1.19.0/STM32CubeIDE/plugins/com.st.stm32cube.ide.mcu.externaltools.gnu-tools-for-stm32.13.3.rel1.win32_1.0.0.202411081344/tools/bin/../lib/gcc/arm-none-eabi/13.3.1/thumb/v7e-m+fp/hard\libgcc.a(_aeabi_ldivmod.o)
 .ARM.attributes
                0x00000a32       0x22 D:/STMCUBEIDE/STM32CubeIDE_1.19.0/STM32CubeIDE/plugins/com.st.stm32cube.ide.mcu.externaltools.gnu-tools-for-stm32.13.3.rel1.win32_1.0.0.202411081344/tools/bin/../lib/gcc/arm-none-eabi/13.3.1/thumb/v7e-m+fp/hard\libgcc.a(_aeabi_uldivmod.o)
 .ARM.attributes
                0x00000a54       0x34 D:/STMCUBEIDE/STM32CubeIDE_1.19.0/STM32CubeIDE/plugins/com.st.stm32cube.ide.mcu.externaltools.gnu-tools-for-stm32.13.3.rel1.win32_1.0.0.202411081344/tools/bin/../lib/gcc/arm-none-eabi/13.3.1/thumb/v7e-m+fp/hard\libgcc.a(_udivmoddi4.o)
 .ARM.attributes
                0x00000a88       0x22 D:/STMCUBEIDE/STM32CubeIDE_1.19.0/STM32CubeIDE/plugins/com.st.stm32cube.ide.mcu.externaltools.gnu-tools-for-stm32.13.3.rel1.win32_1.0.0.202411081344/tools/bin/../lib/gcc/arm-none-eabi/13.3.1/thumb/v7e-m+fp/hard\libgcc.a(_dvmd_tls.o)
 .ARM.attributes
                0x00000aaa       0x22 D:/STMCUBEIDE/STM32CubeIDE_1.19.0/STM32CubeIDE/plugins/com.st.stm32cube.ide.mcu.externaltools.gnu-tools-for-stm32.13.3.rel1.win32_1.0.0.202411081344/tools/bin/../lib/gcc/arm-none-eabi/13.3.1/thumb/v7e-m+fp/hard/crtn.o
OUTPUT(ECU_Firmware.elf elf32-littlearm)
LOAD linker stubs
LOAD D:/STMCUBEIDE/STM32CubeIDE_1.19.0/STM32CubeIDE/plugins/com.st.stm32cube.ide.mcu.externaltools.gnu-tools-for-stm32.13.3.rel1.win32_1.0.0.202411081344/tools/bin/../lib/gcc/arm-none-eabi/13.3.1/../../../../arm-none-eabi/lib/thumb/v7e-m+fp/hard\libc.a
LOAD D:/STMCUBEIDE/STM32CubeIDE_1.19.0/STM32CubeIDE/plugins/com.st.stm32cube.ide.mcu.externaltools.gnu-tools-for-stm32.13.3.rel1.win32_1.0.0.202411081344/tools/bin/../lib/gcc/arm-none-eabi/13.3.1/../../../../arm-none-eabi/lib/thumb/v7e-m+fp/hard\libm.a
LOAD D:/STMCUBEIDE/STM32CubeIDE_1.19.0/STM32CubeIDE/plugins/com.st.stm32cube.ide.mcu.externaltools.gnu-tools-for-stm32.13.3.rel1.win32_1.0.0.202411081344/tools/bin/../lib/gcc/arm-none-eabi/13.3.1/thumb/v7e-m+fp/hard\libgcc.a

.debug_info     0x00000000    0x178a0
 .debug_info    0x00000000      0xaff ./Core/Src/BMP280.o
 .debug_info    0x00000aff      0xbba ./Core/Src/diagnostic.o
 .debug_info    0x000016b9     0x1163 ./Core/Src/firmware.o
 .debug_info    0x0000281c      0x41d ./Core/Src/gpio.o
 .debug_info    0x00002c39      0xc33 ./Core/Src/i2c.o
 .debug_info    0x0000386c      0xc8e ./Core/Src/main.o
 .debug_info    0x000044fa      0x7f9 ./Core/Src/sht31.o
 .debug_info    0x00004cf3      0x97d ./Core/Src/spi.o
 .debug_info    0x00005670      0xc89 ./Core/Src/state_machine.o
 .debug_info    0x000062f9      0x299 ./Core/Src/stm32f4xx_hal_msp.o
 .debug_info    0x00006592      0xc7c ./Core/Src/stm32f4xx_it.o
 .debug_info    0x0000720e      0x168 ./Core/Src/sysmem.o
 .debug_info    0x00007376      0x54a ./Core/Src/system_stm32f4xx.o
 .debug_info    0x000078c0      0xc59 ./Core/Src/tim.o
 .debug_info    0x00008519      0xbdb ./Core/Src/usart.o
 .debug_info    0x000090f4       0x30 ./Core/Startup/startup_stm32f446retx.o
 .debug_info    0x00009124      0x99a ./Drivers/STM32F4xx_HAL_Driver/Src/stm32f4xx_hal.o
 .debug_info    0x00009abe      0xdaa ./Drivers/STM32F4xx_HAL_Driver/Src/stm32f4xx_hal_cortex.o
 .debug_info    0x0000a868      0x8e7 ./Drivers/STM32F4xx_HAL_Driver/Src/stm32f4xx_hal_dma.o
 .debug_info    0x0000b14f      0x70b ./Drivers/STM32F4xx_HAL_Driver/Src/stm32f4xx_hal_gpio.o
 .debug_info    0x0000b85a     0x2421 ./Drivers/STM32F4xx_HAL_Driver/Src/stm32f4xx_hal_i2c.o
 .debug_info    0x0000dc7b      0x6da ./Drivers/STM32F4xx_HAL_Driver/Src/stm32f4xx_hal_pwr_ex.o
 .debug_info    0x0000e355      0x8ff ./Drivers/STM32F4xx_HAL_Driver/Src/stm32f4xx_hal_rcc.o
 .debug_info    0x0000ec54      0x960 ./Drivers/STM32F4xx_HAL_Driver/Src/stm32f4xx_hal_rcc_ex.o
 .debug_info    0x0000f5b4     0x1525 ./Drivers/STM32F4xx_HAL_Driver/Src/stm32f4xx_hal_spi.o
 .debug_info    0x00010ad9     0x299d ./Drivers/STM32F4xx_HAL_Driver/Src/stm32f4xx_hal_tim.o
 .debug_info    0x00013476     0x14db ./Drivers/STM32F4xx_HAL_Driver/Src/stm32f4xx_hal_tim_ex.o
 .debug_info    0x00014951     0x2f4f ./Drivers/STM32F4xx_HAL_Driver/Src/stm32f4xx_hal_uart.o

.debug_abbrev   0x00000000     0x370a
 .debug_abbrev  0x00000000      0x225 ./Core/Src/BMP280.o
 .debug_abbrev  0x00000225      0x1f3 ./Core/Src/diagnostic.o
 .debug_abbrev  0x00000418      0x1f3 ./Core/Src/firmware.o
 .debug_abbrev  0x0000060b      0x152 ./Core/Src/gpio.o
 .debug_abbrev  0x0000075d      0x210 ./Core/Src/i2c.o
 .debug_abbrev  0x0000096d      0x216 ./Core/Src/main.o
 .debug_abbrev  0x00000b83      0x1de ./Core/Src/sht31.o
 .debug_abbrev  0x00000d61      0x1fa ./Core/Src/spi.o
 .debug_abbrev  0x00000f5b      0x202 ./Core/Src/state_machine.o
 .debug_abbrev  0x0000115d       0xd8 ./Core/Src/stm32f4xx_hal_msp.o
 .debug_abbrev  0x00001235      0x19c ./Core/Src/stm32f4xx_it.o
 .debug_abbrev  0x000013d1       0xbc ./Core/Src/sysmem.o
 .debug_abbrev  0x0000148d      0x11a ./Core/Src/system_stm32f4xx.o
 .debug_abbrev  0x000015a7      0x1f7 ./Core/Src/tim.o
 .debug_abbrev  0x0000179e      0x218 ./Core/Src/usart.o
 .debug_abbrev  0x000019b6       0x24 ./Core/Startup/startup_stm32f446retx.o
 .debug_abbrev  0x000019da      0x214 ./Drivers/STM32F4xx_HAL_Driver/Src/stm32f4xx_hal.o
 .debug_abbrev  0x00001bee      0x31d ./Drivers/STM32F4xx_HAL_Driver/Src/stm32f4xx_hal_cortex.o
 .debug_abbrev  0x00001f0b      0x264 ./Drivers/STM32F4xx_HAL_Driver/Src/stm32f4xx_hal_dma.o
 .debug_abbrev  0x0000216f      0x1d4 ./Drivers/STM32F4xx_HAL_Driver/Src/stm32f4xx_hal_gpio.o
 .debug_abbrev  0x00002343      0x2ad ./Drivers/STM32F4xx_HAL_Driver/Src/stm32f4xx_hal_i2c.o
 .debug_abbrev  0x000025f0      0x1cf ./Drivers/STM32F4xx_HAL_Driver/Src/stm32f4xx_hal_pwr_ex.o
 .debug_abbrev  0x000027bf      0x2b7 ./Drivers/STM32F4xx_HAL_Driver/Src/stm32f4xx_hal_rcc.o
 .debug_abbrev  0x00002a76      0x211 ./Drivers/STM32F4xx_HAL_Driver/Src/stm32f4xx_hal_rcc_ex.o
 .debug_abbrev  0x00002c87      0x27a ./Drivers/STM32F4xx_HAL_Driver/Src/stm32f4xx_hal_spi.o
 .debug_abbrev  0x00002f01      0x278 ./Drivers/STM32F4xx_HAL_Driver/Src/stm32f4xx_hal_tim.o
 .debug_abbrev  0x00003179      0x283 ./Drivers/STM32F4xx_HAL_Driver/Src/stm32f4xx_hal_tim_ex.o
 .debug_abbrev  0x000033fc      0x30e ./Drivers/STM32F4xx_HAL_Driver/Src/stm32f4xx_hal_uart.o

.debug_aranges  0x00000000     0x1390
 .debug_aranges
                0x00000000       0x50 ./Core/Src/BMP280.o
 .debug_aranges
                0x00000050       0x40 ./Core/Src/diagnostic.o
 .debug_aranges
                0x00000090       0x38 ./Core/Src/firmware.o
 .debug_aranges
                0x000000c8       0x20 ./Core/Src/gpio.o
 .debug_aranges
                0x000000e8       0x30 ./Core/Src/i2c.o
 .debug_aranges
                0x00000118       0x30 ./Core/Src/main.o
 .debug_aranges
                0x00000148       0x30 ./Core/Src/sht31.o
 .debug_aranges
                0x00000178       0x30 ./Core/Src/spi.o
 .debug_aranges
                0x000001a8       0x58 ./Core/Src/state_machine.o
 .debug_aranges
                0x00000200       0x20 ./Core/Src/stm32f4xx_hal_msp.o
 .debug_aranges
                0x00000220       0x80 ./Core/Src/stm32f4xx_it.o
 .debug_aranges
                0x000002a0       0x20 ./Core/Src/sysmem.o
 .debug_aranges
                0x000002c0       0x28 ./Core/Src/system_stm32f4xx.o
 .debug_aranges
                0x000002e8       0x30 ./Core/Src/tim.o
 .debug_aranges
                0x00000318       0x30 ./Core/Src/usart.o
 .debug_aranges
                0x00000348       0x28 ./Core/Startup/startup_stm32f446retx.o
 .debug_aranges
                0x00000370       0xf0 ./Drivers/STM32F4xx_HAL_Driver/Src/stm32f4xx_hal.o
 .debug_aranges
                0x00000460      0x130 ./Drivers/STM32F4xx_HAL_Driver/Src/stm32f4xx_hal_cortex.o
 .debug_aranges
                0x00000590       0x90 ./Drivers/STM32F4xx_HAL_Driver/Src/stm32f4xx_hal_dma.o
 .debug_aranges
                0x00000620       0x58 ./Drivers/STM32F4xx_HAL_Driver/Src/stm32f4xx_hal_gpio.o
 .debug_aranges
                0x00000678      0x2a8 ./Drivers/STM32F4xx_HAL_Driver/Src/stm32f4xx_hal_i2c.o
 .debug_aranges
                0x00000920       0x60 ./Drivers/STM32F4xx_HAL_Driver/Src/stm32f4xx_hal_pwr_ex.o
 .debug_aranges
                0x00000980       0x88 ./Drivers/STM32F4xx_HAL_Driver/Src/stm32f4xx_hal_rcc.o
 .debug_aranges
                0x00000a08       0x78 ./Drivers/STM32F4xx_HAL_Driver/Src/stm32f4xx_hal_rcc_ex.o
 .debug_aranges
                0x00000a80      0x1d0 ./Drivers/STM32F4xx_HAL_Driver/Src/stm32f4xx_hal_spi.o
 .debug_aranges
                0x00000c50      0x3d0 ./Drivers/STM32F4xx_HAL_Driver/Src/stm32f4xx_hal_tim.o
 .debug_aranges
                0x00001020      0x168 ./Drivers/STM32F4xx_HAL_Driver/Src/stm32f4xx_hal_tim_ex.o
 .debug_aranges
                0x00001188      0x208 ./Drivers/STM32F4xx_HAL_Driver/Src/stm32f4xx_hal_uart.o

.debug_rnglists
                0x00000000      0xf44
 .debug_rnglists
                0x00000000       0x3c ./Core/Src/BMP280.o
 .debug_rnglists
                0x0000003c       0x2d ./Core/Src/diagnostic.o
 .debug_rnglists
                0x00000069       0x25 ./Core/Src/firmware.o
 .debug_rnglists
                0x0000008e       0x14 ./Core/Src/gpio.o
 .debug_rnglists
                0x000000a2       0x20 ./Core/Src/i2c.o
 .debug_rnglists
                0x000000c2       0x20 ./Core/Src/main.o
 .debug_rnglists
                0x000000e2       0x20 ./Core/Src/sht31.o
 .debug_rnglists
                0x00000102       0x20 ./Core/Src/spi.o
 .debug_rnglists
                0x00000122       0x3f ./Core/Src/state_machine.o
 .debug_rnglists
                0x00000161       0x13 ./Core/Src/stm32f4xx_hal_msp.o
 .debug_rnglists
                0x00000174       0x5b ./Core/Src/stm32f4xx_it.o
 .debug_rnglists
                0x000001cf       0x13 ./Core/Src/sysmem.o
 .debug_rnglists
                0x000001e2       0x1a ./Core/Src/system_stm32f4xx.o
 .debug_rnglists
                0x000001fc       0x20 ./Core/Src/tim.o
 .debug_rnglists
                0x0000021c       0x20 ./Core/Src/usart.o
 .debug_rnglists
                0x0000023c       0x19 ./Core/Startup/startup_stm32f446retx.o
 .debug_rnglists
                0x00000255       0xaf ./Drivers/STM32F4xx_HAL_Driver/Src/stm32f4xx_hal.o
 .debug_rnglists
                0x00000304       0xe0 ./Drivers/STM32F4xx_HAL_Driver/Src/stm32f4xx_hal_cortex.o
 .debug_rnglists
                0x000003e4       0x70 ./Drivers/STM32F4xx_HAL_Driver/Src/stm32f4xx_hal_dma.o
 .debug_rnglists
                0x00000454       0x3f ./Drivers/STM32F4xx_HAL_Driver/Src/stm32f4xx_hal_gpio.o
 .debug_rnglists
                0x00000493      0x23c ./Drivers/STM32F4xx_HAL_Driver/Src/stm32f4xx_hal_i2c.o
 .debug_rnglists
                0x000006cf       0x47 ./Drivers/STM32F4xx_HAL_Driver/Src/stm32f4xx_hal_pwr_ex.o
 .debug_rnglists
                0x00000716       0x66 ./Drivers/STM32F4xx_HAL_Driver/Src/stm32f4xx_hal_rcc.o
 .debug_rnglists
                0x0000077c       0x5e ./Drivers/STM32F4xx_HAL_Driver/Src/stm32f4xx_hal_rcc_ex.o
 .debug_rnglists
                0x000007da      0x16f ./Drivers/STM32F4xx_HAL_Driver/Src/stm32f4xx_hal_spi.o
 .debug_rnglists
                0x00000949      0x31a ./Drivers/STM32F4xx_HAL_Driver/Src/stm32f4xx_hal_tim.o
 .debug_rnglists
                0x00000c63      0x125 ./Drivers/STM32F4xx_HAL_Driver/Src/stm32f4xx_hal_tim_ex.o
 .debug_rnglists
                0x00000d88      0x1bc ./Drivers/STM32F4xx_HAL_Driver/Src/stm32f4xx_hal_uart.o

.debug_macro    0x00000000    0x245e0
 .debug_macro   0x00000000      0x21c ./Core/Src/BMP280.o
 .debug_macro   0x0000021c      0xad8 ./Core/Src/BMP280.o
 .debug_macro   0x00000cf4      0x2a7 ./Core/Src/BMP280.o
 .debug_macro   0x00000f9b       0x2e ./Core/Src/BMP280.o
 .debug_macro   0x00000fc9       0x28 ./Core/Src/BMP280.o
 .debug_macro   0x00000ff1       0x22 ./Core/Src/BMP280.o
 .debug_macro   0x00001013       0x8e ./Core/Src/BMP280.o
 .debug_macro   0x000010a1       0x51 ./Core/Src/BMP280.o
 .debug_macro   0x000010f2      0x103 ./Core/Src/BMP280.o
 .debug_macro   0x000011f5       0x6a ./Core/Src/BMP280.o
 .debug_macro   0x0000125f      0x1df ./Core/Src/BMP280.o
 .debug_macro   0x0000143e       0x1c ./Core/Src/BMP280.o
 .debug_macro   0x0000145a       0x22 ./Core/Src/BMP280.o
 .debug_macro   0x0000147c       0xfb ./Core/Src/BMP280.o
 .debug_macro   0x00001577     0x1011 ./Core/Src/BMP280.o
 .debug_macro   0x00002588      0x11f ./Core/Src/BMP280.o
 .debug_macro   0x000026a7    0x1675e ./Core/Src/BMP280.o
 .debug_macro   0x00018e05       0x6d ./Core/Src/BMP280.o
 .debug_macro   0x00018e72     0x3693 ./Core/Src/BMP280.o
 .debug_macro   0x0001c505      0x190 ./Core/Src/BMP280.o
 .debug_macro   0x0001c695       0x5c ./Core/Src/BMP280.o
 .debug_macro   0x0001c6f1      0xca5 ./Core/Src/BMP280.o
 .debug_macro   0x0001d396      0x9e9 ./Core/Src/BMP280.o
 .debug_macro   0x0001dd7f      0x115 ./Core/Src/BMP280.o
 .debug_macro   0x0001de94      0x1a0 ./Core/Src/BMP280.o
 .debug_macro   0x0001e034       0xa5 ./Core/Src/BMP280.o
 .debug_macro   0x0001e0d9      0x16d ./Core/Src/BMP280.o
 .debug_macro   0x0001e246      0x287 ./Core/Src/BMP280.o
 .debug_macro   0x0001e4cd       0x5f ./Core/Src/BMP280.o
 .debug_macro   0x0001e52c      0x236 ./Core/Src/BMP280.o
 .debug_macro   0x0001e762      0x132 ./Core/Src/BMP280.o
 .debug_macro   0x0001e894      0x29c ./Core/Src/BMP280.o
 .debug_macro   0x0001eb30       0x2e ./Core/Src/BMP280.o
 .debug_macro   0x0001eb5e      0x1b5 ./Core/Src/BMP280.o
 .debug_macro   0x0001ed13       0x22 ./Core/Src/BMP280.o
 .debug_macro   0x0001ed35       0xd6 ./Core/Src/BMP280.o
 .debug_macro   0x0001ee0b      0x127 ./Core/Src/BMP280.o
 .debug_macro   0x0001ef32       0xe8 ./Core/Src/BMP280.o
 .debug_macro   0x0001f01a       0x89 ./Core/Src/BMP280.o
 .debug_macro   0x0001f0a3      0x225 ./Core/Src/BMP280.o
 .debug_macro   0x0001f2c8      0x8ed ./Core/Src/BMP280.o
 .debug_macro   0x0001fbb5       0x53 ./Core/Src/BMP280.o
 .debug_macro   0x0001fc08      0x2aa ./Core/Src/BMP280.o
 .debug_macro   0x0001feb2      0x126 ./Core/Src/BMP280.o
 .debug_macro   0x0001ffd8       0x22 ./Core/Src/BMP280.o
 .debug_macro   0x0001fffa       0x52 ./Core/Src/BMP280.o
 .debug_macro   0x0002004c       0x16 ./Core/Src/BMP280.o
 .debug_macro   0x00020062      0x36c ./Core/Src/diagnostic.o
 .debug_macro   0x000203ce       0x22 ./Core/Src/diagnostic.o
 .debug_macro   0x000203f0       0x58 ./Core/Src/diagnostic.o
 .debug_macro   0x00020448       0x40 ./Core/Src/diagnostic.o
 .debug_macro   0x00020488       0x2e ./Core/Src/diagnostic.o
 .debug_macro   0x000204b6       0x61 ./Core/Src/diagnostic.o
 .debug_macro   0x00020517       0x2a ./Core/Src/diagnostic.o
 .debug_macro   0x00020541       0x43 ./Core/Src/diagnostic.o
 .debug_macro   0x00020584       0x34 ./Core/Src/diagnostic.o
 .debug_macro   0x000205b8       0x16 ./Core/Src/diagnostic.o
 .debug_macro   0x000205ce       0x3c ./Core/Src/diagnostic.o
 .debug_macro   0x0002060a      0x370 ./Core/Src/diagnostic.o
 .debug_macro   0x0002097a       0x10 ./Core/Src/diagnostic.o
 .debug_macro   0x0002098a       0x16 ./Core/Src/diagnostic.o
 .debug_macro   0x000209a0       0x4a ./Core/Src/diagnostic.o
 .debug_macro   0x000209ea       0x34 ./Core/Src/diagnostic.o
 .debug_macro   0x00020a1e       0x10 ./Core/Src/diagnostic.o
 .debug_macro   0x00020a2e       0x58 ./Core/Src/diagnostic.o
 .debug_macro   0x00020a86       0x8e ./Core/Src/diagnostic.o
 .debug_macro   0x00020b14       0x1c ./Core/Src/diagnostic.o
 .debug_macro   0x00020b30      0x185 ./Core/Src/diagnostic.o
 .debug_macro   0x00020cb5       0x16 ./Core/Src/diagnostic.o
 .debug_macro   0x00020ccb       0x16 ./Core/Src/diagnostic.o
 .debug_macro   0x00020ce1      0x146 ./Core/Src/diagnostic.o
 .debug_macro   0x00020e27       0x16 ./Core/Src/diagnostic.o
 .debug_macro   0x00020e3d       0x20 ./Core/Src/diagnostic.o
 .debug_macro   0x00020e5d       0x16 ./Core/Src/diagnostic.o
 .debug_macro   0x00020e73       0x16 ./Core/Src/diagnostic.o
 .debug_macro   0x00020e89       0x29 ./Core/Src/diagnostic.o
 .debug_macro   0x00020eb2      0x28d ./Core/Src/firmware.o
 .debug_macro   0x0002113f       0x10 ./Core/Src/firmware.o
 .debug_macro   0x0002114f      0x20a ./Core/Src/gpio.o
 .debug_macro   0x00021359      0x20a ./Core/Src/i2c.o
 .debug_macro   0x00021563      0x240 ./Core/Src/main.o
 .debug_macro   0x000217a3      0x21c ./Core/Src/sht31.o
 .debug_macro   0x000219bf      0x20a ./Core/Src/spi.o
 .debug_macro   0x00021bc9      0x2cc ./Core/Src/state_machine.o
 .debug_macro   0x00021e95      0x19b ./Core/Src/state_machine.o
 .debug_macro   0x00022030      0x200 ./Core/Src/stm32f4xx_hal_msp.o
 .debug_macro   0x00022230      0x20a ./Core/Src/stm32f4xx_it.o
 .debug_macro   0x0002243a      0x112 ./Core/Src/sysmem.o
 .debug_macro   0x0002254c      0x23c ./Core/Src/sysmem.o
 .debug_macro   0x00022788      0x1f1 ./Core/Src/system_stm32f4xx.o
 .debug_macro   0x00022979      0x20a ./Core/Src/tim.o
 .debug_macro   0x00022b83      0x20a ./Core/Src/usart.o
 .debug_macro   0x00022d8d      0x251 ./Drivers/STM32F4xx_HAL_Driver/Src/stm32f4xx_hal.o
 .debug_macro   0x00022fde      0x1f1 ./Drivers/STM32F4xx_HAL_Driver/Src/stm32f4xx_hal_cortex.o
 .debug_macro   0x000231cf      0x1f7 ./Drivers/STM32F4xx_HAL_Driver/Src/stm32f4xx_hal_dma.o
 .debug_macro   0x000233c6      0x1f7 ./Drivers/STM32F4xx_HAL_Driver/Src/stm32f4xx_hal_gpio.o
 .debug_macro   0x000235bd      0x23f ./Drivers/STM32F4xx_HAL_Driver/Src/stm32f4xx_hal_i2c.o
 .debug_macro   0x000237fc      0x209 ./Drivers/STM32F4xx_HAL_Driver/Src/stm32f4xx_hal_pwr_ex.o
 .debug_macro   0x00023a05      0x215 ./Drivers/STM32F4xx_HAL_Driver/Src/stm32f4xx_hal_rcc.o
 .debug_macro   0x00023c1a      0x1f1 ./Drivers/STM32F4xx_HAL_Driver/Src/stm32f4xx_hal_rcc_ex.o
 .debug_macro   0x00023e0b      0x200 ./Drivers/STM32F4xx_HAL_Driver/Src/stm32f4xx_hal_spi.o
 .debug_macro   0x0002400b      0x1f2 ./Drivers/STM32F4xx_HAL_Driver/Src/stm32f4xx_hal_tim.o
 .debug_macro   0x000241fd      0x1f1 ./Drivers/STM32F4xx_HAL_Driver/Src/stm32f4xx_hal_tim_ex.o
 .debug_macro   0x000243ee      0x1f2 ./Drivers/STM32F4xx_HAL_Driver/Src/stm32f4xx_hal_uart.o

.debug_line     0x00000000    0x1b3f0
 .debug_line    0x00000000      0xac5 ./Core/Src/BMP280.o
 .debug_line    0x00000ac5      0xd27 ./Core/Src/diagnostic.o
 .debug_line    0x000017ec      0x862 ./Core/Src/firmware.o
 .debug_line    0x0000204e      0x78d ./Core/Src/gpio.o
 .debug_line    0x000027db      0x7f2 ./Core/Src/i2c.o
 .debug_line    0x00002fcd      0x86d ./Core/Src/main.o
 .debug_line    0x0000383a      0x8c6 ./Core/Src/sht31.o
 .debug_line    0x00004100      0x7f4 ./Core/Src/spi.o
 .debug_line    0x000048f4      0xbba ./Core/Src/state_machine.o
 .debug_line    0x000054ae      0x77e ./Core/Src/stm32f4xx_hal_msp.o
 .debug_line    0x00005c2c      0x88d ./Core/Src/stm32f4xx_it.o
 .debug_line    0x000064b9      0x669 ./Core/Src/sysmem.o
 .debug_line    0x00006b22      0x7f4 ./Core/Src/system_stm32f4xx.o
 .debug_line    0x00007316      0x7f8 ./Core/Src/tim.o
 .debug_line    0x00007b0e      0x7ef ./Core/Src/usart.o
 .debug_line    0x000082fd       0x7a ./Core/Startup/startup_stm32f446retx.o
 .debug_line    0x00008377      0xa70 ./Drivers/STM32F4xx_HAL_Driver/Src/stm32f4xx_hal.o
 .debug_line    0x00008de7      0xd40 ./Drivers/STM32F4xx_HAL_Driver/Src/stm32f4xx_hal_cortex.o
 .debug_line    0x00009b27      0xfdc ./Drivers/STM32F4xx_HAL_Driver/Src/stm32f4xx_hal_dma.o
 .debug_line    0x0000ab03      0xbb4 ./Drivers/STM32F4xx_HAL_Driver/Src/stm32f4xx_hal_gpio.o
 .debug_line    0x0000b6b7     0x3b1d ./Drivers/STM32F4xx_HAL_Driver/Src/stm32f4xx_hal_i2c.o
 .debug_line    0x0000f1d4      0x9dd ./Drivers/STM32F4xx_HAL_Driver/Src/stm32f4xx_hal_pwr_ex.o
 .debug_line    0x0000fbb1      0xe8b ./Drivers/STM32F4xx_HAL_Driver/Src/stm32f4xx_hal_rcc.o
 .debug_line    0x00010a3c     0x153c ./Drivers/STM32F4xx_HAL_Driver/Src/stm32f4xx_hal_rcc_ex.o
 .debug_line    0x00011f78     0x1d0b ./Drivers/STM32F4xx_HAL_Driver/Src/stm32f4xx_hal_spi.o
 .debug_line    0x00013c83     0x37e5 ./Drivers/STM32F4xx_HAL_Driver/Src/stm32f4xx_hal_tim.o
 .debug_line    0x00017468     0x19d0 ./Drivers/STM32F4xx_HAL_Driver/Src/stm32f4xx_hal_tim_ex.o
 .debug_line    0x00018e38     0x25b8 ./Drivers/STM32F4xx_HAL_Driver/Src/stm32f4xx_hal_uart.o

.debug_str      0x00000000    0xd67e7
 .debug_str     0x00000000    0xd67e7 ./Core/Src/BMP280.o
                              0xccec3 (size before relaxing)
 .debug_str     0x000d67e7    0xd0a49 ./Core/Src/diagnostic.o
 .debug_str     0x000d67e7    0xcd8d5 ./Core/Src/firmware.o
 .debug_str     0x000d67e7    0xcc7fa ./Core/Src/gpio.o
 .debug_str     0x000d67e7    0xcd2a3 ./Core/Src/i2c.o
 .debug_str     0x000d67e7    0xcce88 ./Core/Src/main.o
 .debug_str     0x000d67e7    0xcccdb ./Core/Src/sht31.o
 .debug_str     0x000d67e7    0xccc86 ./Core/Src/spi.o
 .debug_str     0x000d67e7    0xd0c25 ./Core/Src/state_machine.o
 .debug_str     0x000d67e7    0xcc72f ./Core/Src/stm32f4xx_hal_msp.o
 .debug_str     0x000d67e7    0xcd10c ./Core/Src/stm32f4xx_it.o
 .debug_str     0x000d67e7     0x7767 ./Core/Src/sysmem.o
 .debug_str     0x000d67e7    0xcc7b0 ./Core/Src/system_stm32f4xx.o
 .debug_str     0x000d67e7    0xcd345 ./Core/Src/tim.o
 .debug_str     0x000d67e7    0xcd22c ./Core/Src/usart.o
 .debug_str     0x000d67e7       0x69 ./Core/Startup/startup_stm32f446retx.o
 .debug_str     0x000d67e7    0xcd375 ./Drivers/STM32F4xx_HAL_Driver/Src/stm32f4xx_hal.o
 .debug_str     0x000d67e7    0xcd0cc ./Drivers/STM32F4xx_HAL_Driver/Src/stm32f4xx_hal_cortex.o
 .debug_str     0x000d67e7    0xccba5 ./Drivers/STM32F4xx_HAL_Driver/Src/stm32f4xx_hal_dma.o
 .debug_str     0x000d67e7    0xcc92b ./Drivers/STM32F4xx_HAL_Driver/Src/stm32f4xx_hal_gpio.o
 .debug_str     0x000d67e7    0xcd7ae ./Drivers/STM32F4xx_HAL_Driver/Src/stm32f4xx_hal_i2c.o
 .debug_str     0x000d67e7    0xcc988 ./Drivers/STM32F4xx_HAL_Driver/Src/stm32f4xx_hal_pwr_ex.o